Component: ARM Compiler 5.06 update 7 (build 960) Tool: armlink [4d3601]

==============================================================================

Section Cross References

    startup_stm32f103xb.o(RESET) refers to startup_stm32f103xb.o(STACK) for __initial_sp
    startup_stm32f103xb.o(RESET) refers to startup_stm32f103xb.o(.text) for Reset_Handler
    startup_stm32f103xb.o(RESET) refers to stm32f1xx_it.o(i.NMI_Handler) for NMI_Handler
    startup_stm32f103xb.o(RESET) refers to stm32f1xx_it.o(i.HardFault_Handler) for HardFault_Handler
    startup_stm32f103xb.o(RESET) refers to stm32f1xx_it.o(i.MemManage_Handler) for MemManage_Handler
    startup_stm32f103xb.o(RESET) refers to stm32f1xx_it.o(i.BusFault_Handler) for BusFault_Handler
    startup_stm32f103xb.o(RESET) refers to stm32f1xx_it.o(i.UsageFault_Handler) for UsageFault_Handler
    startup_stm32f103xb.o(RESET) refers to stm32f1xx_it.o(i.SVC_Handler) for SVC_Handler
    startup_stm32f103xb.o(RESET) refers to stm32f1xx_it.o(i.DebugMon_Handler) for DebugMon_Handler
    startup_stm32f103xb.o(RESET) refers to stm32f1xx_it.o(i.PendSV_Handler) for PendSV_Handler
    startup_stm32f103xb.o(RESET) refers to stm32f1xx_it.o(i.SysTick_Handler) for SysTick_Handler
    startup_stm32f103xb.o(RESET) refers to input_catch.o(i.TIM2_IRQHandler) for TIM2_IRQHandler
    startup_stm32f103xb.o(RESET) refers to dht22.o(i.TIM4_IRQHandler) for TIM4_IRQHandler
    startup_stm32f103xb.o(RESET) refers to uart1.o(i.USART2_IRQHandler) for USART2_IRQHandler
    startup_stm32f103xb.o(.text) refers to system_stm32f1xx.o(i.SystemInit) for SystemInit
    startup_stm32f103xb.o(.text) refers to entry.o(.ARM.Collect$$$$00000000) for __main
    main.o(i.main) refers to stm32f1xx_hal.o(i.HAL_Init) for HAL_Init
    main.o(i.main) refers to sys.o(i.stm32_clock_init) for stm32_clock_init
    main.o(i.main) refers to system_stm32f1xx.o(i.SystemCoreClockUpdate) for SystemCoreClockUpdate
    main.o(i.main) refers to stm32f1xx_hal_cortex.o(i.HAL_NVIC_SetPriorityGrouping) for HAL_NVIC_SetPriorityGrouping
    main.o(i.main) refers to oled.o(i.oled_init) for oled_init
    main.o(i.main) refers to oled.o(i.oled_fill) for oled_fill
    main.o(i.main) refers to uart1.o(i.uart1_init) for uart1_init
    main.o(i.main) refers to dht22.o(i.dht22_init) for dht22_init
    main.o(i.main) refers to my_iic.o(i.my_iic_init) for my_iic_init
    main.o(i.main) refers to bmp280.o(i.bmp280_init) for bmp280_init
    main.o(i.main) refers to bsp_raindrop.o(i.bsp_raindrop_analog_init) for bsp_raindrop_analog_init
    main.o(i.main) refers to bh1750.o(i.bh1750_init) for bh1750_init
    main.o(i.main) refers to delay.o(i.delay_ms) for delay_ms
    main.o(i.main) refers to dht22.o(i.dht22_update_display) for dht22_update_display
    main.o(i.main) refers to bh1750.o(i.bh1750_update_display) for bh1750_update_display
    main.o(i.main) refers to bmp280.o(i.bmp280_update_display) for bmp280_update_display
    main.o(i.main) refers to bsp_raindrop.o(i.bsp_raindrop_update_display) for bsp_raindrop_update_display
    main.o(i.main) refers to bsp_raindrop.o(i.bsp_raindrop_get_percent) for bsp_raindrop_get_percent
    stm32f1xx_it.o(i.SysTick_Handler) refers to stm32f1xx_hal.o(i.HAL_IncTick) for HAL_IncTick
    system_stm32f1xx.o(i.SystemCoreClockUpdate) refers to system_stm32f1xx.o(.data) for SystemCoreClock
    system_stm32f1xx.o(i.SystemCoreClockUpdate) refers to system_stm32f1xx.o(.constdata) for AHBPrescTable
    led.o(i.led_init) refers to stm32f1xx_hal_gpio.o(i.HAL_GPIO_Init) for HAL_GPIO_Init
    led.o(i.led_off) refers to stm32f1xx_hal_gpio.o(i.HAL_GPIO_WritePin) for HAL_GPIO_WritePin
    led.o(i.led_on) refers to stm32f1xx_hal_gpio.o(i.HAL_GPIO_WritePin) for HAL_GPIO_WritePin
    led.o(i.led_turn) refers to stm32f1xx_hal_gpio.o(i.HAL_GPIO_TogglePin) for HAL_GPIO_TogglePin
    pwm.o(i.HAL_TIM_PWM_MspInit) refers to stm32f1xx_hal_gpio.o(i.HAL_GPIO_Init) for HAL_GPIO_Init
    pwm.o(i.pwm_init) refers to stm32f1xx_hal_tim.o(i.HAL_TIM_PWM_Init) for HAL_TIM_PWM_Init
    pwm.o(i.pwm_init) refers to memseta.o(.text) for __aeabi_memclr4
    pwm.o(i.pwm_init) refers to stm32f1xx_hal_tim.o(i.HAL_TIM_PWM_ConfigChannel) for HAL_TIM_PWM_ConfigChannel
    pwm.o(i.pwm_init) refers to stm32f1xx_hal_tim.o(i.HAL_TIM_PWM_Start) for HAL_TIM_PWM_Start
    pwm.o(i.pwm_init) refers to pwm.o(.bss) for pwm_initstruct
    oled.o(i.OLED_SetCursor) refers to oled.o(i.oled_write_cmd) for oled_write_cmd
    oled.o(i.OLED_ShowChar) refers to oled.o(i.OLED_SetCursor) for OLED_SetCursor
    oled.o(i.OLED_ShowChar) refers to oled.o(i.oled_write_data) for oled_write_data
    oled.o(i.OLED_ShowChar) refers to oled.o(.constdata) for OLED_F8x16
    oled.o(i.OLED_ShowFloatNum) refers to ffixi.o(.text) for __aeabi_f2iz
    oled.o(i.OLED_ShowFloatNum) refers to fflti.o(.text) for __aeabi_i2f
    oled.o(i.OLED_ShowFloatNum) refers to fadd.o(.text) for __aeabi_frsub
    oled.o(i.OLED_ShowFloatNum) refers to oled.o(i.OLED_ShowSignedNum) for OLED_ShowSignedNum
[...]
    Removing stm32f1xx_hal_adc_ex.o(i.HAL_ADCEx_InjectedStart), (236 bytes).
    Removing stm32f1xx_hal_adc_ex.o(i.HAL_ADCEx_InjectedStart_IT), (248 bytes).
    Removing stm32f1xx_hal_adc_ex.o(i.HAL_ADCEx_InjectedStop), (94 bytes).
    Removing stm32f1xx_hal_adc_ex.o(i.HAL_ADCEx_InjectedStop_IT), (106 bytes).
    Removing stm32f1xx_hal_adc_ex.o(i.HAL_ADCEx_MultiModeConfigChannel), (124 bytes).
    Removing stm32f1xx_hal_adc_ex.o(i.HAL_ADCEx_MultiModeGetValue), (36 bytes).
    Removing stm32f1xx_hal_adc_ex.o(i.HAL_ADCEx_MultiModeStart_DMA), (284 bytes).
    Removing stm32f1xx_hal_adc_ex.o(i.HAL_ADCEx_MultiModeStop_DMA), (148 bytes).
    Removing fadd.o(.text), (176 bytes).
    Removing fmul.o(.text), (100 bytes).
    Removing dfltui.o(.text), (26 bytes).
    Removing ffixi.o(.text), (50 bytes).
    Removing dfixui.o(.text), (50 bytes).

574 unused section(s) (total 61404 bytes) removed from the image.

==============================================================================

Image Symbol Table

    Local Symbols

    Symbol Name                              Value     Ov Type        Size  Object(Section)

    ../clib/microlib/division.c              0x00000000   Number         0  uldiv.o ABSOLUTE
    ../clib/microlib/division.c              0x00000000   Number         0  ldiv.o ABSOLUTE
    ../clib/microlib/division.c              0x00000000   Number         0  uidiv.o ABSOLUTE
    ../clib/microlib/init/entry.s            0x00000000   Number         0  entry8b.o ABSOLUTE
    ../clib/microlib/init/entry.s            0x00000000   Number         0  entry9b.o ABSOLUTE
    ../clib/microlib/init/entry.s            0x00000000   Number         0  entry12b.o ABSOLUTE
    ../clib/microlib/init/entry.s            0x00000000   Number         0  entry7b.o ABSOLUTE
    ../clib/microlib/init/entry.s            0x00000000   Number         0  entry.o ABSOLUTE
    ../clib/microlib/init/entry.s            0x00000000   Number         0  entry2.o ABSOLUTE
    ../clib/microlib/init/entry.s            0x00000000   Number         0  entry12a.o ABSOLUTE
    ../clib/microlib/init/entry.s            0x00000000   Number         0  entry11b.o ABSOLUTE
    ../clib/microlib/init/entry.s            0x00000000   Number         0  entry7a.o ABSOLUTE
    ../clib/microlib/init/entry.s            0x00000000   Number         0  entry11a.o ABSOLUTE
    ../clib/microlib/init/entry.s            0x00000000   Number         0  entry10b.o ABSOLUTE
    ../clib/microlib/init/entry.s            0x00000000   Number         0  entry9a.o ABSOLUTE
    ../clib/microlib/init/entry.s            0x00000000   Number         0  entry10a.o ABSOLUTE
    ../clib/microlib/init/entry.s            0x00000000   Number         0  entry5.o ABSOLUTE
    ../clib/microlib/init/entry.s            0x00000000   Number         0  entry8a.o ABSOLUTE
    ../clib/microlib/longlong.c              0x00000000   Number         0  llushr.o ABSOLUTE
    ../clib/microlib/longlong.c              0x00000000   Number         0  llshl.o ABSOLUTE
    ../clib/microlib/longlong.c              0x00000000   Number         0  llsshr.o ABSOLUTE
    ../clib/microlib/printf/printf.c         0x00000000   Number         0  printf8.o ABSOLUTE
    ../clib/microlib/printf/printf.c         0x00000000   Number         0  printfa.o ABSOLUTE
    ../clib/microlib/printf/printf.c         0x00000000   Number         0  printfb.o ABSOLUTE
    ../clib/microlib/printf/printf.c         0x00000000   Number         0  printf0.o ABSOLUTE
    ../clib/microlib/printf/printf.c         0x00000000   Number         0  printf1.o ABSOLUTE
    ../clib/microlib/printf/printf.c         0x00000000   Number         0  printf2.o ABSOLUTE
    ../clib/microlib/printf/printf.c         0x00000000   Number         0  printf3.o ABSOLUTE
    ../clib/microlib/printf/printf.c         0x00000000   Number         0  printf4.o ABSOLUTE
    ../clib/microlib/printf/printf.c         0x00000000   Number         0  printf5.o ABSOLUTE
    ../clib/microlib/printf/printf.c         0x00000000   Number         0  printf6.o ABSOLUTE
    ../clib/microlib/printf/printf.c         0x00000000   Number         0  printf7.o ABSOLUTE
    ../clib/microlib/printf/stubs.s          0x00000000   Number         0  stubs.o ABSOLUTE
    ../clib/microlib/stdio/streams.c         0x00000000   Number         0  stdout.o ABSOLUTE
    ../clib/microlib/string/memset.c         0x00000000   Number         0  memseta.o ABSOLUTE
    ../clib/microlib/string/strlen.c         0x00000000   Number         0  strlen.o ABSOLUTE
    ../clib/microlib/stubs.s                 0x00000000   Number         0  iusefp.o ABSOLUTE
    ../fplib/microlib/f2d.c                  0x00000000   Number         0  f2d.o ABSOLUTE
    ../fplib/microlib/fpadd.c                0x00000000   Number         0  fadd.o ABSOLUTE
    ../fplib/microlib/fpadd.c                0x00000000   Number         0  dadd.o ABSOLUTE
    ../fplib/microlib/fpdiv.c                0x00000000   Number         0  fdiv.o ABSOLUTE
    ../fplib/microlib/fpdiv.c                0x00000000   Number         0  ddiv.o ABSOLUTE
    ../fplib/microlib/fpepilogue.c           0x00000000   Number         0  fepilogue.o ABSOLUTE
    ../fplib/microlib/fpepilogue.c           0x00000000   Number         0  depilogue.o ABSOLUTE
    ../fplib/microlib/fpfix.c                0x00000000   Number         0  dfixul.o ABSOLUTE
    ../fplib/microlib/fpfix.c                0x00000000   Number         0  dfixui.o ABSOLUTE
    ../fplib/microlib/fpfix.c                0x00000000   Number         0  ffixi.o ABSOLUTE
    ../fplib/microlib/fpflt.c                0x00000000   Number         0  fflti.o ABSOLUTE
    ../fplib/microlib/fpflt.c                0x00000000   Number         0  dfltui.o ABSOLUTE
    ../fplib/microlib/fpflt.c                0x00000000   Number         0  ffltui.o ABSOLUTE
    ../fplib/microlib/fpflt.c                0x00000000   Number         0  ffltl.o ABSOLUTE
    ../fplib/microlib/fpmul.c                0x00000000   Number         0  fmul.o ABSOLUTE
    ../fplib/microlib/fpmul.c                0x00000000   Number         0  dmul.o ABSOLUTE
    ..\..\Drivers\BSP\adc\adc.c              0x00000000   Number         0  adc.o ABSOLUTE
    ..\..\Drivers\BSP\bh1750\bh1750.c        0x00000000   Number         0  bh1750.o ABSOLUTE
    ..\..\Drivers\BSP\bmp280\bmp280.c        0x00000000   Number         0  bmp280.o ABSOLUTE
    ..\..\Drivers\BSP\count\count.c          0x00000000   Number         0  count.o ABSOLUTE
    ..\..\Drivers\BSP\dht22\dht22.c          0x00000000   Number         0  dht22.o ABSOLUTE
    ..\..\Drivers\BSP\encoder\encoder.c      0x00000000   Number         0  encoder.o ABSOLUTE
    ..\..\Drivers\BSP\input_catch\input_catch.c 0x00000000   Number         0  input_catch.o ABSOLUTE
    ..\..\Drivers\BSP\led\led.c              0x00000000   Number         0  led.o ABSOLUTE
    ..\..\Drivers\BSP\mpu6050\mpu6050.c      0x00000000   Number         0  mpu6050.o ABSOLUTE
    ..\..\Drivers\BSP\my_iic\my_iic.c        0x00000000   Number         0  my_iic.o ABSOLUTE
    ..\..\Drivers\BSP\oled\oled.c            0x00000000   Number         0  oled.o ABSOLUTE
    ..\..\Drivers\BSP\pwm\pwm.c              0x00000000   Number         0  pwm.o ABSOLUTE
    ..\..\Drivers\BSP\rain_sensor\bsp_raindrop.c 0x00000000   Number         0  bsp_raindrop.o ABSOLUTE
    ..\..\Drivers\BSP\timer\timer.c          0x00000000   Number         0  timer.o ABSOLUTE
    ..\..\Drivers\CMSIS\Device\ST\STM32F1xx\Source\Templates\arm\startup_stm32f103xb.s 0x00000000   Number         0  startup_stm32f103xb.o ABSOLUTE
    ..\..\Drivers\CMSIS\Device\ST\STM32F1xx\Source\Templates\system_stm32f1xx.c 0x00000000   Number         0  system_stm32f1xx.o ABSOLUTE
    ..\..\Drivers\STM32F1xx_HAL_Driver\Src\stm32f1xx_hal.c 0x00000000   Number         0  stm32f1xx_hal.o ABSOLUTE
    ..\..\Drivers\STM32F1xx_HAL_Driver\Src\stm32f1xx_hal_adc.c 0x00000000   Number         0  stm32f1xx_hal_adc.o ABSOLUTE
    ..\..\Drivers\STM32F1xx_HAL_Driver\Src\stm32f1xx_hal_adc_ex.c 0x00000000   Number         0  stm32f1xx_hal_adc_ex.o ABSOLUTE
    ..\..\Drivers\STM32F1xx_HAL_Driver\Src\stm32f1xx_hal_cortex.c 0x00000000   Number         0  stm32f1xx_hal_cortex.o ABSOLUTE
    ..\..\Drivers\STM32F1xx_HAL_Driver\Src\stm32f1xx_hal_dma.c 0x00000000   Number         0  stm32f1xx_hal_dma.o ABSOLUTE
    ..\..\Drivers\STM32F1xx_HAL_Driver\Src\stm32f1xx_hal_gpio.c 0x00000000   Number         0  stm32f1xx_hal_gpio.o ABSOLUTE
    ..\..\Drivers\STM32F1xx_HAL_Driver\Src\stm32f1xx_hal_gpio_ex.c 0x00000000   Number         0  stm32f1xx_hal_gpio_ex.o ABSOLUTE
    ..\..\Drivers\STM32F1xx_HAL_Driver\Src\stm32f1xx_hal_i2c.c 0x00000000   Number         0  stm32f1xx_hal_i2c.o ABSOLUTE
    ..\..\Drivers\STM32F1xx_HAL_Driver\Src\stm32f1xx_hal_rcc.c 0x00000000   Number         0  stm32f1xx_hal_rcc.o ABSOLUTE
    ..\..\Drivers\STM32F1xx_HAL_Driver\Src\stm32f1xx_hal_rcc_ex.c 0x00000000   Number         0  stm32f1xx_hal_rcc_ex.o ABSOLUTE
    ..\..\Drivers\STM32F1xx_HAL_Driver\Src\stm32f1xx_hal_tim.c 0x00000000   Number         0  stm32f1xx_hal_tim.o ABSOLUTE
    ..\..\Drivers\STM32F1xx_HAL_Driver\Src\stm32f1xx_hal_tim_ex.c 0x00000000   Number         0  stm32f1xx_hal_tim_ex.o ABSOLUTE
    ..\..\Drivers\STM32F1xx_HAL_Driver\Src\stm32f1xx_hal_uart.c 0x00000000   Number         0  stm32f1xx_hal_uart.o ABSOLUTE
    ..\..\Drivers\STM32F1xx_HAL_Driver\Src\stm32f1xx_hal_usart.c 0x00000000   Number         0  stm32f1xx_hal_usart.o ABSOLUTE
    ..\..\Drivers\SYSTEM\delay\delay.c       0x00000000   Number         0  delay.o ABSOLUTE
    ..\..\Drivers\SYSTEM\sys\sys.c           0x00000000   Number         0  sys.o ABSOLUTE
    ..\..\Drivers\SYSTEM\uart1\uart1.c       0x00000000   Number         0  uart1.o ABSOLUTE
    ..\..\Users\main.c                       0x00000000   Number         0  main.o ABSOLUTE
    ..\..\Users\stm32f1xx_it.c               0x00000000   Number         0  stm32f1xx_it.o ABSOLUTE
    ..\\..\\Drivers\\BSP\\adc\\adc.c         0x00000000   Number         0  adc.o ABSOLUTE
    ..\\..\\Drivers\\BSP\\bh1750\\bh1750.c   0x00000000   Number         0  bh1750.o ABSOLUTE
    ..\\..\\Drivers\\BSP\\bmp280\\bmp280.c   0x00000000   Number         0  bmp280.o ABSOLUTE
    ..\\..\\Drivers\\BSP\\count\\count.c     0x00000000   Number         0  count.o ABSOLUTE
    ..\\..\\Drivers\\BSP\\dht22\\dht22.c     0x00000000   Number         0  dht22.o ABSOLUTE
    ..\\..\\Drivers\\BSP\\input_catch\\input_catch.c 0x00000000   Number         0  input_catch.o ABSOLUTE
    ..\\..\\Drivers\\BSP\\led\\led.c         0x00000000   Number         0  led.o ABSOLUTE
    ..\\..\\Drivers\\BSP\\mpu6050\\mpu6050.c 0x00000000   Number         0  mpu6050.o ABSOLUTE
    ..\\..\\Drivers\\BSP\\my_iic\\my_iic.c   0x00000000   Number         0  my_iic.o ABSOLUTE
    ..\\..\\Drivers\\BSP\\oled\\oled.c       0x00000000   Number         0  oled.o ABSOLUTE
    ..\\..\\Drivers\\BSP\\pwm\\pwm.c         0x00000000   Number         0  pwm.o ABSOLUTE
    ..\\..\\Drivers\\BSP\\rain_sensor\\bsp_raindrop.c 0x00000000   Number         0  bsp_raindrop.o ABSOLUTE
    ..\\..\\Drivers\\BSP\\timer\\timer.c     0x00000000   Number         0  timer.o ABSOLUTE
    ..\\..\\Drivers\\CMSIS\\Device\\ST\\STM32F1xx\\Source\\Templates\\system_stm32f1xx.c 0x00000000   Number         0  system_stm32f1xx.o ABSOLUTE
    ..\\..\\Drivers\\STM32F1xx_HAL_Driver\\Src\\stm32f1xx_hal.c 0x00000000   Number         0  stm32f1xx_hal.o ABSOLUTE
    ..\\..\\Drivers\\STM32F1xx_HAL_Driver\\Src\\stm32f1xx_hal_adc.c 0x00000000   Number         0  stm32f1xx_hal_adc.o ABSOLUTE
    ..\\..\\Drivers\\STM32F1xx_HAL_Driver\\Src\\stm32f1xx_hal_adc_ex.c 0x00000000   Number         0  stm32f1xx_hal_adc_ex.o ABSOLUTE
    ..\\..\\Drivers\\STM32F1xx_HAL_Driver\\Src\\stm32f1xx_hal_cortex.c 0x00000000   Number         0  stm32f1xx_hal_cortex.o ABSOLUTE
    ..\\..\\Drivers\\STM32F1xx_HAL_Driver\\Src\\stm32f1xx_hal_dma.c 0x00000000   Number         0  stm32f1xx_hal_dma.o ABSOLUTE
    ..\\..\\Drivers\\STM32F1xx_HAL_Driver\\Src\\stm32f1xx_hal_gpio.c 0x00000000   Number         0  stm32f1xx_hal_gpio.o ABSOLUTE
    ..\\..\\Drivers\\STM32F1xx_HAL_Driver\\Src\\stm32f1xx_hal_gpio_ex.c 0x00000000   Number         0  stm32f1xx_hal_gpio_ex.o ABSOLUTE
    ..\\..\\Drivers\\STM32F1xx_HAL_Driver\\Src\\stm32f1xx_hal_i2c.c 0x00000000   Number         0  stm32f1xx_hal_i2c.o ABSOLUTE
    ..\\..\\Drivers\\STM32F1xx_HAL_Driver\\Src\\stm32f1xx_hal_rcc.c 0x00000000   Number         0  stm32f1xx_hal_rcc.o ABSOLUTE
    ..\\..\\Drivers\\STM32F1xx_HAL_Driver\\Src\\stm32f1xx_hal_rcc_ex.c 0x00000000   Number         0  stm32f1xx_hal_rcc_ex.o ABSOLUTE
    ..\\..\\Drivers\\STM32F1xx_HAL_Driver\\Src\\stm32f1xx_hal_tim.c 0x00000000   Number         0  stm32f1xx_hal_tim.o ABSOLUTE
    ..\\..\\Drivers\\STM32F1xx_HAL_Driver\\Src\\stm32f1xx_hal_tim_ex.c 0x00000000   Number         0  stm32f1xx_hal_tim_ex.o ABSOLUTE
    ..\\..\\Drivers\\STM32F1xx_HAL_Driver\\Src\\stm32f1xx_hal_uart.c 0x00000000   Number         0  stm32f1xx_hal_uart.o ABSOLUTE
    ..\\..\\Drivers\\STM32F1xx_HAL_Driver\\Src\\stm32f1xx_hal_usart.c 0x00000000   Number         0  stm32f1xx_hal_usart.o ABSOLUTE
    ..\\..\\Drivers\\SYSTEM\\delay\\delay.c  0x00000000   Number         0  delay.o ABSOLUTE
    ..\\..\\Drivers\\SYSTEM\\sys\\sys.c      0x00000000   Number         0  sys.o ABSOLUTE
    ..\\..\\Drivers\\SYSTEM\\uart1\\uart1.c  0x00000000   Number         0  uart1.o ABSOLUTE
    ..\\..\\Users\\main.c                    0x00000000   Number         0  main.o ABSOLUTE
    ..\\..\\Users\\stm32f1xx_it.c            0x00000000   Number         0  stm32f1xx_it.o ABSOLUTE
    cdrcmple.s                               0x00000000   Number         0  cdrcmple.o ABSOLUTE
    dc.s                                     0x00000000   Number         0  dc.o ABSOLUTE
    handlers.s                               0x00000000   Number         0  handlers.o ABSOLUTE
    init.s                                   0x00000000   Number         0  init.o ABSOLUTE
    RESET                                    0x08000000   Section      236  startup_stm32f103xb.o(RESET)
    .ARM.Collect$$$$00000000                 0x080000ec   Section        0  entry.o(.ARM.Collect$$$$00000000)
    .ARM.Collect$$$$00000001                 0x080000ec   Section        4  entry2.o(.ARM.Collect$$$$00000001)
    .ARM.Collect$$$$00000004                 0x080000f0   Section        4  entry5.o(.ARM.Collect$$$$00000004)
    .ARM.Collect$$$$00000008                 0x080000f4   Section        0  entry7b.o(.ARM.Collect$$$$00000008)
    .ARM.Collect$$$$0000000A                 0x080000f4   Section        0  entry8b.o(.ARM.Collect$$$$0000000A)
    .ARM.Collect$$$$0000000B                 0x080000f4   Section        8  entry9a.o(.ARM.Collect$$$$0000000B)
    .ARM.Collect$$$$0000000E                 0x080000fc   Section        4  entry12b.o(.ARM.Collect$$$$0000000E)
    .ARM.Collect$$$$0000000F                 0x08000100   Section        0  entry10a.o(.ARM.Collect$$$$0000000F)
    .ARM.Collect$$$$00000011                 0x08000100   Section        0  entry11a.o(.ARM.Collect$$$$00000011)
    .ARM.Collect$$$$00002712                 0x08000100   Section        4  entry2.o(.ARM.Collect$$$$00002712)
    __lit__00000000                          0x08000100   Data           4  entry2.o(.ARM.Collect$$$$00002712)
    .text                                    0x08000104   Section       36  startup_stm32f103xb.o(.text)
    .text                                    0x08000128   Section        0  ldiv.o(.text)
    .text                                    0x0800018a   Section        0  memseta.o(.text)
    .text                                    0x080001ae   Section        0  strlen.o(.text)
    .text                                    0x080001bc   Section        0  fdiv.o(.text)
    .text                                    0x08000238   Section        0  dadd.o(.text)
    .text                                    0x08000386   Section        0  dmul.o(.text)
    .text                                    0x0800046a   Section        0  fflti.o(.text)
    .text                                    0x0800047c   Section        0  ffltui.o(.text)
    .text                                    0x08000486   Section        0  ffltl.o(.text)
    .text                                    0x080004b2   Section        0  f2d.o(.text)
    .text                                    0x080004d8   Section        0  uidiv.o(.text)
    .text                                    0x08000504   Section        0  uldiv.o(.text)
    .text                                    0x08000566   Section        0  llshl.o(.text)
    .text                                    0x08000584   Section        0  llushr.o(.text)
    .text                                    0x080005a4   Section        0  llsshr.o(.text)
    .text                                    0x080005c8   Section        0  iusefp.o(.text)
    .text                                    0x080005c8   Section        0  fepilogue.o(.text)
    .text                                    0x08000636   Section        0  depilogue.o(.text)
    .text                                    0x080006f0   Section        0  ddiv.o(.text)
    .text                                    0x080007ce   Section        0  dfixul.o(.text)
    .text                                    0x08000800   Section       48  cdrcmple.o(.text)
    .text                                    0x08000830   Section       36  init.o(.text)
    i.ADC_ConversionStop_Disable             0x08000854   Section        0  stm32f1xx_hal_adc.o(i.ADC_ConversionStop_Disable)
    i.ADC_Enable                             0x080008b0   Section        0  stm32f1xx_hal_adc.o(i.ADC_Enable)
    i.BusFault_Handler                       0x08000940   Section        0  stm32f1xx_it.o(i.BusFault_Handler)
    i.DebugMon_Handler                       0x08000944   Section        0  stm32f1xx_it.o(i.DebugMon_Handler)
    i.HAL_ADC_ConfigChannel                  0x08000948   Section        0  stm32f1xx_hal_adc.o(i.HAL_ADC_ConfigChannel)
    i.HAL_ADC_GetValue                       0x08000aa8   Section        0  stm32f1xx_hal_adc.o(i.HAL_ADC_GetValue)
    i.HAL_ADC_Init                           0x08000ab0   Section        0  stm32f1xx_hal_adc.o(i.HAL_ADC_Init)
    i.HAL_ADC_MspInit                        0x08000bf4   Section        0  adc.o(i.HAL_ADC_MspInit)
    i.HAL_ADC_PollForConversion              0x08000c78   Section        0  stm32f1xx_hal_adc.o(i.HAL_ADC_PollForConversion)
    i.HAL_ADC_Start                          0x08000df8   Section        0  stm32f1xx_hal_adc.o(i.HAL_ADC_Start)
    i.HAL_ADC_Stop                           0x08000f28   Section        0  stm32f1xx_hal_adc.o(i.HAL_ADC_Stop)
    i.HAL_GPIO_Init                          0x08000f68   Section        0  stm32f1xx_hal_gpio.o(i.HAL_GPIO_Init)
    i.HAL_GPIO_ReadPin                       0x08001288   Section        0  stm32f1xx_hal_gpio.o(i.HAL_GPIO_ReadPin)
    i.HAL_GPIO_WritePin                      0x08001298   Section        0  stm32f1xx_hal_gpio.o(i.HAL_GPIO_WritePin)
    i.HAL_GetTick                            0x080012a4   Section        0  stm32f1xx_hal.o(i.HAL_GetTick)
    i.HAL_IncTick                            0x080012b0   Section        0  stm32f1xx_hal.o(i.HAL_IncTick)
    i.HAL_Init                               0x080012c8   Section        0  stm32f1xx_hal.o(i.HAL_Init)
    i.HAL_InitTick                           0x080012f0   Section        0  stm32f1xx_hal.o(i.HAL_InitTick)
    i.HAL_MspInit                            0x0800133c   Section        0  stm32f1xx_hal.o(i.HAL_MspInit)
    i.HAL_NVIC_EnableIRQ                     0x0800133e   Section        0  stm32f1xx_hal_cortex.o(i.HAL_NVIC_EnableIRQ)
    i.HAL_NVIC_SetPriority                   0x0800135e   Section        0  stm32f1xx_hal_cortex.o(i.HAL_NVIC_SetPriority)
    i.HAL_NVIC_SetPriorityGrouping           0x080013dc   Section        0  stm32f1xx_hal_cortex.o(i.HAL_NVIC_SetPriorityGrouping)
    i.HAL_RCCEx_GetPeriphCLKFreq             0x08001404   Section        0  stm32f1xx_hal_rcc_ex.o(i.HAL_RCCEx_GetPeriphCLKFreq)
    i.HAL_RCC_ClockConfig                    0x08001500   Section        0  stm32f1xx_hal_rcc.o(i.HAL_RCC_ClockConfig)
    i.HAL_RCC_GetHCLKFreq                    0x0800168c   Section        0  stm32f1xx_hal_rcc.o(i.HAL_RCC_GetHCLKFreq)
    i.HAL_RCC_GetPCLK1Freq                   0x08001698   Section        0  stm32f1xx_hal_rcc.o(i.HAL_RCC_GetPCLK1Freq)
    i.HAL_RCC_GetPCLK2Freq                   0x080016b8   Section        0  stm32f1xx_hal_rcc.o(i.HAL_RCC_GetPCLK2Freq)
    i.HAL_RCC_GetSysClockFreq                0x080016d8   Section        0  stm32f1xx_hal_rcc.o(i.HAL_RCC_GetSysClockFreq)
    i.HAL_RCC_OscConfig                      0x08001748   Section        0  stm32f1xx_hal_rcc.o(i.HAL_RCC_OscConfig)
    i.HAL_SYSTICK_Config                     0x08001bac   Section        0  stm32f1xx_hal_cortex.o(i.HAL_SYSTICK_Config)
    i.HAL_TIMEx_BreakCallback                0x08001be0   Section        0  stm32f1xx_hal_tim_ex.o(i.HAL_TIMEx_BreakCallback)
    i.HAL_TIMEx_CommutCallback               0x08001be2   Section        0  stm32f1xx_hal_tim_ex.o(i.HAL_TIMEx_CommutCallback)
    i.HAL_TIM_Base_Init                      0x08001be4   Section        0  stm32f1xx_hal_tim.o(i.HAL_TIM_Base_Init)
    i.HAL_TIM_Base_MspInit                   0x08001c4a   Section        0  stm32f1xx_hal_tim.o(i.HAL_TIM_Base_MspInit)
    i.HAL_TIM_Base_Start_IT                  0x08001c4c   Section        0  stm32f1xx_hal_tim.o(i.HAL_TIM_Base_Start_IT)
    i.HAL_TIM_IC_CaptureCallback             0x08001cc4   Section        0  input_catch.o(i.HAL_TIM_IC_CaptureCallback)
    i.HAL_TIM_IRQHandler                     0x08001d00   Section        0  stm32f1xx_hal_tim.o(i.HAL_TIM_IRQHandler)
    i.HAL_TIM_OC_DelayElapsedCallback        0x08001e96   Section        0  stm32f1xx_hal_tim.o(i.HAL_TIM_OC_DelayElapsedCallback)
    i.HAL_TIM_PWM_PulseFinishedCallback      0x08001e98   Section        0  stm32f1xx_hal_tim.o(i.HAL_TIM_PWM_PulseFinishedCallback)
    i.HAL_TIM_PeriodElapsedCallback          0x08001e9c   Section        0  dht22.o(i.HAL_TIM_PeriodElapsedCallback)
    i.HAL_TIM_ReadCapturedValue              0x08001eb4   Section        0  stm32f1xx_hal_tim.o(i.HAL_TIM_ReadCapturedValue)
    i.HAL_TIM_TriggerCallback                0x08001ee6   Section        0  stm32f1xx_hal_tim.o(i.HAL_TIM_TriggerCallback)
    i.HAL_UART_Init                          0x08001ee8   Section        0  stm32f1xx_hal_uart.o(i.HAL_UART_Init)
    i.HAL_UART_MspInit                       0x08001f60   Section        0  uart1.o(i.HAL_UART_MspInit)
    i.HAL_UART_Receive                       0x08002008   Section        0  stm32f1xx_hal_uart.o(i.HAL_UART_Receive)
    i.HardFault_Handler                      0x080020c4   Section        0  stm32f1xx_it.o(i.HardFault_Handler)
    i.MemManage_Handler                      0x080020c8   Section        0  stm32f1xx_it.o(i.MemManage_Handler)
    i.NMI_Handler                            0x080020cc   Section        0  stm32f1xx_it.o(i.NMI_Handler)
    i.PendSV_Handler                         0x080020ce   Section        0  stm32f1xx_it.o(i.PendSV_Handler)
    i.RCC_Delay                              0x080020d0   Section        0  stm32f1xx_hal_rcc.o(i.RCC_Delay)
    RCC_Delay                                0x080020d1   Thumb Code    36  stm32f1xx_hal_rcc.o(i.RCC_Delay)
    i.SVC_Handler                            0x080020f8   Section        0  stm32f1xx_it.o(i.SVC_Handler)
    i.SysTick_Handler                        0x080020fa   Section        0  stm32f1xx_it.o(i.SysTick_Handler)
    i.SystemCoreClockUpdate                  0x08002104   Section        0  system_stm32f1xx.o(i.SystemCoreClockUpdate)
    i.SystemInit                             0x080021a8   Section        0  system_stm32f1xx.o(i.SystemInit)
    i.TIM2_IRQHandler                        0x080021ac   Section        0  input_catch.o(i.TIM2_IRQHandler)
    i.TIM4_IRQHandler                        0x080021bc   Section        0  dht22.o(i.TIM4_IRQHandler)
    i.TIM_Base_SetConfig                     0x080021cc   Section        0  stm32f1xx_hal_tim.o(i.TIM_Base_SetConfig)
    i.UART_SetConfig                         0x08002240   Section        0  stm32f1xx_hal_uart.o(i.UART_SetConfig)
    UART_SetConfig                           0x08002241   Thumb Code   248  stm32f1xx_hal_uart.o(i.UART_SetConfig)
    i.UART_WaitOnFlagUntilTimeout            0x0800233c   Section        0  stm32f1xx_hal_uart.o(i.UART_WaitOnFlagUntilTimeout)
    UART_WaitOnFlagUntilTimeout              0x0800233d   Thumb Code   146  stm32f1xx_hal_uart.o(i.UART_WaitOnFlagUntilTimeout)
    i.USART2_IRQHandler                      0x080023d0   Section        0  uart1.o(i.USART2_IRQHandler)
    i.UsageFault_Handler                     0x08002454   Section        0  stm32f1xx_it.o(i.UsageFault_Handler)
    i.__0printf                              0x08002458   Section        0  printfa.o(i.__0printf)
    i.__0sprintf                             0x08002478   Section        0  printfa.o(i.__0sprintf)
    i.__NVIC_GetPriorityGrouping             0x080024a0   Section        0  stm32f1xx_hal_cortex.o(i.__NVIC_GetPriorityGrouping)
    __NVIC_GetPriorityGrouping               0x080024a1   Thumb Code    10  stm32f1xx_hal_cortex.o(i.__NVIC_GetPriorityGrouping)
    i.__NVIC_SetPriority                     0x080024b0   Section        0  stm32f1xx_hal_cortex.o(i.__NVIC_SetPriority)
    __NVIC_SetPriority                       0x080024b1   Thumb Code    32  stm32f1xx_hal_cortex.o(i.__NVIC_SetPriority)
    i.__scatterload_copy                     0x080024d8   Section       14  handlers.o(i.__scatterload_copy)
    i.__scatterload_null                     0x080024e6   Section        2  handlers.o(i.__scatterload_null)
    i.__scatterload_zeroinit                 0x080024e8   Section       14  handlers.o(i.__scatterload_zeroinit)
    i._fp_digits                             0x080024f8   Section        0  printfa.o(i._fp_digits)
    _fp_digits                               0x080024f9   Thumb Code   366  printfa.o(i._fp_digits)
    i._printf_core                           0x0800267c   Section        0  printfa.o(i._printf_core)
    _printf_core                             0x0800267d   Thumb Code  1704  printfa.o(i._printf_core)
    i._printf_post_padding                   0x08002d30   Section        0  printfa.o(i._printf_post_padding)
    _printf_post_padding                     0x08002d31   Thumb Code    36  printfa.o(i._printf_post_padding)
    i._printf_pre_padding                    0x08002d54   Section        0  printfa.o(i._printf_pre_padding)
    _printf_pre_padding                      0x08002d55   Thumb Code    46  printfa.o(i._printf_pre_padding)
    i._sputc                                 0x08002d82   Section        0  printfa.o(i._sputc)
    _sputc                                   0x08002d83   Thumb Code    10  printfa.o(i._sputc)
    i.bh1750_init                            0x08002d8c   Section        0  bh1750.o(i.bh1750_init)
    i.bh1750_read_lux                        0x08002d9c   Section        0  bh1750.o(i.bh1750_read_lux)
    i.bh1750_read_raw                        0x08002dcc   Section        0  bh1750.o(i.bh1750_read_raw)
    bh1750_read_raw                          0x08002dcd   Thumb Code    54  bh1750.o(i.bh1750_read_raw)
    i.bh1750_update_display                  0x08002e04   Section        0  bh1750.o(i.bh1750_update_display)
    i.bh1750_write_single                    0x08002ebc   Section        0  bh1750.o(i.bh1750_write_single)
    i.bmp280_calculate                       0x08002ee0   Section        0  bmp280.o(i.bmp280_calculate)
    i.bmp280_init                            0x0800311c   Section        0  bmp280.o(i.bmp280_init)
    i.bmp280_read_byte                       0x0800315c   Section        0  bmp280.o(i.bmp280_read_byte)
    bmp280_read_byte                         0x0800315d   Thumb Code    62  bmp280.o(i.bmp280_read_byte)
    i.bmp280_read_bytes                      0x0800319a   Section        0  bmp280.o(i.bmp280_read_bytes)
    bmp280_read_bytes                        0x0800319b   Thumb Code    94  bmp280.o(i.bmp280_read_bytes)
    i.bmp280_read_calib                      0x080031f8   Section        0  bmp280.o(i.bmp280_read_calib)
    i.bmp280_read_data                       0x080032c8   Section        0  bmp280.o(i.bmp280_read_data)
    i.bmp280_read_raw                        0x080032e8   Section        0  bmp280.o(i.bmp280_read_raw)
    i.bmp280_update_display                  0x08003334   Section        0  bmp280.o(i.bmp280_update_display)
    i.bmp280_write_byte                      0x08003430   Section        0  bmp280.o(i.bmp280_write_byte)
    bmp280_write_byte                        0x08003431   Thumb Code    46  bmp280.o(i.bmp280_write_byte)
    i.bsp_raindrop_analog_init               0x08003460   Section        0  bsp_raindrop.o(i.bsp_raindrop_analog_init)
    i.bsp_raindrop_get_percent               0x08003500   Section        0  bsp_raindrop.o(i.bsp_raindrop_get_percent)
    i.bsp_raindrop_read_analog_raw           0x080035c0   Section        0  bsp_raindrop.o(i.bsp_raindrop_read_analog_raw)
    i.bsp_raindrop_update_display            0x08003664   Section        0  bsp_raindrop.o(i.bsp_raindrop_update_display)
    i.delay_ms                               0x08003688   Section        0  delay.o(i.delay_ms)
    i.delay_us                               0x080036a0   Section        0  delay.o(i.delay_us)
    i.dht22_init                             0x080036ee   Section        0  dht22.o(i.dht22_init)
    i.dht22_read                             0x080036fc   Section        0  dht22.o(i.dht22_read)
    i.dht22_strerror                         0x0800379c   Section        0  dht22.o(i.dht22_strerror)
    i.dht22_timer_init                       0x08003828   Section        0  dht22.o(i.dht22_timer_init)
    i.dht22_update_display                   0x08003894   Section        0  dht22.o(i.dht22_update_display)
    i.dht_read_raw                           0x0800399c   Section        0  dht22.o(i.dht_read_raw)
    dht_read_raw                             0x0800399d   Thumb Code   172  dht22.o(i.dht_read_raw)
    i.dht_set_input                          0x08003a4c   Section        0  dht22.o(i.dht_set_input)
    dht_set_input                            0x08003a4d   Thumb Code    34  dht22.o(i.dht_set_input)
    i.dht_set_output                         0x08003a74   Section        0  dht22.o(i.dht_set_output)
    dht_set_output                           0x08003a75   Thumb Code    38  dht22.o(i.dht_set_output)
    i.dht_start_and_check                    0x08003aa0   Section        0  dht22.o(i.dht_start_and_check)
    dht_start_and_check                      0x08003aa1   Thumb Code    66  dht22.o(i.dht_start_and_check)
    i.fputc                                  0x08003ae8   Section        0  main.o(i.fputc)
    i.iic_cpu_receive_ack                    0x08003b04   Section        0  my_iic.o(i.iic_cpu_receive_ack)
    i.iic_cpu_send_ack                       0x08003b48   Section        0  my_iic.o(i.iic_cpu_send_ack)
    i.iic_receive_bit                        0x08003b74   Section        0  my_iic.o(i.iic_receive_bit)
    i.iic_scl                                0x08003bbc   Section        0  my_iic.o(i.iic_scl)
    i.iic_scl_init                           0x08003bd4   Section        0  my_iic.o(i.iic_scl_init)
    i.iic_sda                                0x08003c24   Section        0  my_iic.o(i.iic_sda)
    i.iic_sda_in                             0x08003c3c   Section        0  my_iic.o(i.iic_sda_in)
    i.iic_sda_init                           0x08003c68   Section        0  my_iic.o(i.iic_sda_init)
    i.iic_sda_out                            0x08003cec   Section        0  my_iic.o(i.iic_sda_out)
    i.iic_start                              0x08003d18   Section        0  my_iic.o(i.iic_start)
    i.iic_stop                               0x08003d46   Section        0  my_iic.o(i.iic_stop)
    i.iic_write_bit                          0x08003d6e   Section        0  my_iic.o(i.iic_write_bit)
    i.main                                   0x08003db0   Section        0  main.o(i.main)
    i.my_iic_init                            0x08003e12   Section        0  my_iic.o(i.my_iic_init)
    i.oled_clear_line                        0x08003e30   Section        0  oled.o(i.oled_clear_line)
    i.oled_fill                              0x08003e86   Section        0  oled.o(i.oled_fill)
    i.oled_gpio_init                         0x08003eb4   Section        0  oled.o(i.oled_gpio_init)
    i.oled_i2c_ack                           0x08003f20   Section        0  oled.o(i.oled_i2c_ack)
    i.oled_i2c_start                         0x08003f40   Section        0  oled.o(i.oled_i2c_start)
    i.oled_i2c_stop                          0x08003f74   Section        0  oled.o(i.oled_i2c_stop)
    i.oled_i2c_write_byte                    0x08003f9c   Section        0  oled.o(i.oled_i2c_write_byte)
    i.oled_init                              0x08003ff0   Section        0  oled.o(i.oled_init)
    i.oled_set_cursor                        0x08004088   Section        0  oled.o(i.oled_set_cursor)
    i.oled_show_char                         0x080040ac   Section        0  oled.o(i.oled_show_char)
    i.oled_show_string                       0x08004164   Section        0  oled.o(i.oled_show_string)
    i.oled_write_cmd                         0x08004196   Section        0  oled.o(i.oled_write_cmd)
    i.oled_write_data                        0x080041c2   Section        0  oled.o(i.oled_write_data)
    i.stm32_clock_init                       0x080041ee   Section        0  sys.o(i.stm32_clock_init)
    i.uart1_init                             0x08004254   Section        0  uart1.o(i.uart1_init)
    i.uart_clear                             0x08004280   Section        0  uart1.o(i.uart_clear)
    i.wait_level                             0x0800429c   Section        0  dht22.o(i.wait_level)
    wait_level                               0x0800429d   Thumb Code    46  dht22.o(i.wait_level)
    .constdata                               0x080042d0   Section       24  system_stm32f1xx.o(.constdata)
    .constdata                               0x080042e8   Section     9144  oled.o(.constdata)
    .constdata                               0x080066a0   Section       18  stm32f1xx_hal_rcc.o(.constdata)
    aPLLMULFactorTable                       0x080066a0   Data          16  stm32f1xx_hal_rcc.o(.constdata)
    aPredivFactorTable                       0x080066b0   Data           2  stm32f1xx_hal_rcc.o(.constdata)
    .constdata                               0x080066b2   Section       18  stm32f1xx_hal_rcc_ex.o(.constdata)
    aPLLMULFactorTable                       0x080066b2   Data          16  stm32f1xx_hal_rcc_ex.o(.constdata)
    aPredivFactorTable                       0x080066c2   Data           2  stm32f1xx_hal_rcc_ex.o(.constdata)
    .data                                    0x20000000   Section        4  system_stm32f1xx.o(.data)
    .data                                    0x20000004   Section       12  input_catch.o(.data)
    .data                                    0x20000010   Section        1  bh1750.o(.data)
    last_bh1750_str_len                      0x20000010   Data           1  bh1750.o(.data)
    .data                                    0x20000011   Section        2  bsp_raindrop.o(.data)
    last_rain_str_len                        0x20000011   Data           1  bsp_raindrop.o(.data)
    _bsp_raindrop_percent_cache              0x20000012   Data           1  bsp_raindrop.o(.data)
    .data                                    0x20000013   Section        2  dht22.o(.data)
    last_dht22_str_len                       0x20000014   Data           1  dht22.o(.data)
    .data                                    0x20000015   Section        1  bmp280.o(.data)
    last_bmp280_str_len                      0x20000015   Data           1  bmp280.o(.data)
    .data                                    0x20000016   Section        2  uart1.o(.data)
    .data                                    0x20000018   Section        9  stm32f1xx_hal.o(.data)
    .data                                    0x20000024   Section        4  stdout.o(.data)
    .bss                                     0x20000028   Section       72  input_catch.o(.bss)
    .bss                                     0x20000070   Section       48  bsp_raindrop.o(.bss)
    hadc1                                    0x20000070   Data          48  bsp_raindrop.o(.bss)
    .bss                                     0x200000a0   Section       72  dht22.o(.bss)
    .bss                                     0x200000e8   Section       24  bmp280.o(.bss)
    bmp280_calib                             0x200000e8   Data          24  bmp280.o(.bss)
    .bss                                     0x20000100   Section      200  uart1.o(.bss)
    STACK                                    0x200001c8   Section     1024  startup_stm32f103xb.o(STACK)

    Global Symbols

    Symbol Name                              Value     Ov Type        Size  Object(Section)

    BuildAttributes$$THM_ISAv4$P$D$K$B$S$PE$A:L22UL41UL21$X:L11$S22US41US21$IEEE1$IW$USESV6$~STKCKD$USESV7$~SHL$OTIME$ROPI$EBA8$MICROLIB$REQ8$PRES8$EABIv2 0x00000000   Number         0  anon$$obj.o ABSOLUTE
    __ARM_use_no_argv                        0x00000000   Number         0  main.o ABSOLUTE
    _printf_a                                0x00000000   Number         0  stubs.o ABSOLUTE
    _printf_c                                0x00000000   Number         0  stubs.o ABSOLUTE
    _printf_charcount                        0x00000000   Number         0  stubs.o ABSOLUTE
    _printf_d                                0x00000000   Number         0  stubs.o ABSOLUTE
    _printf_e                                0x00000000   Number         0  stubs.o ABSOLUTE
    _printf_f                                0x00000000   Number         0  stubs.o ABSOLUTE
    _printf_flags                            0x00000000   Number         0  stubs.o ABSOLUTE
    _printf_fp_dec                           0x00000000   Number         0  stubs.o ABSOLUTE
    _printf_fp_hex                           0x00000000   Number         0  stubs.o ABSOLUTE
    _printf_g                                0x00000000   Number         0  stubs.o ABSOLUTE
    _printf_i                                0x00000000   Number         0  stubs.o ABSOLUTE
    _printf_int_dec                          0x00000000   Number         0  stubs.o ABSOLUTE
    _printf_l                                0x00000000   Number         0  stubs.o ABSOLUTE
    _printf_lc                               0x00000000   Number         0  stubs.o ABSOLUTE
    _printf_ll                               0x00000000   Number         0  stubs.o ABSOLUTE
    _printf_lld                              0x00000000   Number         0  stubs.o ABSOLUTE
    _printf_lli                              0x00000000   Number         0  stubs.o ABSOLUTE
    _printf_llo                              0x00000000   Number         0  stubs.o ABSOLUTE
    _printf_llu                              0x00000000   Number         0  stubs.o ABSOLUTE
    _printf_llx                              0x00000000   Number         0  stubs.o ABSOLUTE
    _printf_longlong_dec                     0x00000000   Number         0  stubs.o ABSOLUTE
    _printf_longlong_hex                     0x00000000   Number         0  stubs.o ABSOLUTE
    _printf_longlong_oct                     0x00000000   Number         0  stubs.o ABSOLUTE
    _printf_ls                               0x00000000   Number         0  stubs.o ABSOLUTE
    _printf_mbtowc                           0x00000000   Number         0  stubs.o ABSOLUTE
    _printf_n                                0x00000000   Number         0  stubs.o ABSOLUTE
    _printf_o                                0x00000000   Number         0  stubs.o ABSOLUTE
    _printf_p                                0x00000000   Number         0  stubs.o ABSOLUTE
    _printf_percent                          0x00000000   Number         0  stubs.o ABSOLUTE
    _printf_pre_padding                      0x00000000   Number         0  stubs.o ABSOLUTE
    _printf_return_value                     0x00000000   Number         0  stubs.o ABSOLUTE
    _printf_s                                0x00000000   Number         0  stubs.o ABSOLUTE
    _printf_sizespec                         0x00000000   Number         0  stubs.o ABSOLUTE
    _printf_str                              0x00000000   Number         0  stubs.o ABSOLUTE
    _printf_truncate_signed                  0x00000000   Number         0  stubs.o ABSOLUTE
    _printf_truncate_unsigned                0x00000000   Number         0  stubs.o ABSOLUTE
    _printf_u                                0x00000000   Number         0  stubs.o ABSOLUTE
    _printf_wc                               0x00000000   Number         0  stubs.o ABSOLUTE
    _printf_wctomb                           0x00000000   Number         0  stubs.o ABSOLUTE
    _printf_widthprec                        0x00000000   Number         0  stubs.o ABSOLUTE
    _printf_x                                0x00000000   Number         0  stubs.o ABSOLUTE
    __arm_fini_                               - Undefined Weak Reference
    __cpp_initialize__aeabi_                  - Undefined Weak Reference
    __cxa_finalize                            - Undefined Weak Reference
    __decompress                              - Undefined Weak Reference
    _clock_init                               - Undefined Weak Reference
    _microlib_exit                            - Undefined Weak Reference
    __Vectors_Size                           0x000000ec   Number         0  startup_stm32f103xb.o ABSOLUTE
    __Vectors                                0x08000000   Data           4  startup_stm32f103xb.o(RESET)
    __Vectors_End                            0x080000ec   Data           0  startup_stm32f103xb.o(RESET)
    __main                                   0x080000ed   Thumb Code     0  entry.o(.ARM.Collect$$$$00000000)
    _main_stk                                0x080000ed   Thumb Code     0  entry2.o(.ARM.Collect$$$$00000001)
    _main_scatterload                        0x080000f1   Thumb Code     0  entry5.o(.ARM.Collect$$$$00000004)
    __main_after_scatterload                 0x080000f5   Thumb Code     0  entry5.o(.ARM.Collect$$$$00000004)
    _main_clock                              0x080000f5   Thumb Code     0  entry7b.o(.ARM.Collect$$$$00000008)
    _main_cpp_init                           0x080000f5   Thumb Code     0  entry8b.o(.ARM.Collect$$$$0000000A)
    _main_init                               0x080000f5   Thumb Code     0  entry9a.o(.ARM.Collect$$$$0000000B)
    __rt_lib_shutdown_fini                   0x080000fd   Thumb Code     0  entry12b.o(.ARM.Collect$$$$0000000E)
    __rt_final_cpp                           0x08000101   Thumb Code     0  entry10a.o(.ARM.Collect$$$$0000000F)
    __rt_final_exit                          0x08000101   Thumb Code     0  entry11a.o(.ARM.Collect$$$$00000011)
    Reset_Handler                            0x08000105   Thumb Code     8  startup_stm32f103xb.o(.text)
    ADC1_2_IRQHandler                        0x0800011f   Thumb Code     0  startup_stm32f103xb.o(.text)
    CAN1_RX1_IRQHandler                      0x0800011f   Thumb Code     0  startup_stm32f103xb.o(.text)
    CAN1_SCE_IRQHandler                      0x0800011f   Thumb Code     0  startup_stm32f103xb.o(.text)
    DMA1_Channel1_IRQHandler                 0x0800011f   Thumb Code     0  startup_stm32f103xb.o(.text)
    DMA1_Channel2_IRQHandler                 0x0800011f   Thumb Code     0  startup_stm32f103xb.o(.text)
    DMA1_Channel3_IRQHandler                 0x0800011f   Thumb Code     0  startup_stm32f103xb.o(.text)
    DMA1_Channel4_IRQHandler                 0x0800011f   Thumb Code     0  startup_stm32f103xb.o(.text)
    DMA1_Channel5_IRQHandler                 0x0800011f   Thumb Code     0  startup_stm32f103xb.o(.text)
    DMA1_Channel6_IRQHandler                 0x0800011f   Thumb Code     0  startup_stm32f103xb.o(.text)
    DMA1_Channel7_IRQHandler                 0x0800011f   Thumb Code     0  startup_stm32f103xb.o(.text)
    EXTI0_IRQHandler                         0x0800011f   Thumb Code     0  startup_stm32f103xb.o(.text)
    EXTI15_10_IRQHandler                     0x0800011f   Thumb Code     0  startup_stm32f103xb.o(.text)
    EXTI1_IRQHandler                         0x0800011f   Thumb Code     0  startup_stm32f103xb.o(.text)
    EXTI2_IRQHandler                         0x0800011f   Thumb Code     0  startup_stm32f103xb.o(.text)
    EXTI3_IRQHandler                         0x0800011f   Thumb Code     0  startup_stm32f103xb.o(.text)
    EXTI4_IRQHandler                         0x0800011f   Thumb Code     0  startup_stm32f103xb.o(.text)
    EXTI9_5_IRQHandler                       0x0800011f   Thumb Code     0  startup_stm32f103xb.o(.text)
    FLASH_IRQHandler                         0x0800011f   Thumb Code     0  startup_stm32f103xb.o(.text)
    I2C1_ER_IRQHandler                       0x0800011f   Thumb Code     0  startup_stm32f103xb.o(.text)
    I2C1_EV_IRQHandler                       0x0800011f   Thumb Code     0  startup_stm32f103xb.o(.text)
    I2C2_ER_IRQHandler                       0x0800011f   Thumb Code     0  startup_stm32f103xb.o(.text)
    I2C2_EV_IRQHandler                       0x0800011f   Thumb Code     0  startup_stm32f103xb.o(.text)
    PVD_IRQHandler                           0x0800011f   Thumb Code     0  startup_stm32f103xb.o(.text)
    RCC_IRQHandler                           0x0800011f   Thumb Code     0  startup_stm32f103xb.o(.text)
    RTC_Alarm_IRQHandler                     0x0800011f   Thumb Code     0  startup_stm32f103xb.o(.text)
    RTC_IRQHandler                           0x0800011f   Thumb Code     0  startup_stm32f103xb.o(.text)
    SPI1_IRQHandler                          0x0800011f   Thumb Code     0  startup_stm32f103xb.o(.text)
    SPI2_IRQHandler                          0x0800011f   Thumb Code     0  startup_stm32f103xb.o(.text)
    TAMPER_IRQHandler                        0x0800011f   Thumb Code     0  startup_stm32f103xb.o(.text)
    TIM1_BRK_IRQHandler                      0x0800011f   Thumb Code     0  startup_stm32f103xb.o(.text)
    TIM1_CC_IRQHandler                       0x0800011f   Thumb Code     0  startup_stm32f103xb.o(.text)
    TIM1_TRG_COM_IRQHandler                  0x0800011f   Thumb Code     0  startup_stm32f103xb.o(.text)
    TIM1_UP_IRQHandler                       0x0800011f   Thumb Code     0  startup_stm32f103xb.o(.text)
    TIM3_IRQHandler                          0x0800011f   Thumb Code     0  startup_stm32f103xb.o(.text)
    USART1_IRQHandler                        0x0800011f   Thumb Code     0  startup_stm32f103xb.o(.text)
    USART3_IRQHandler                        0x0800011f   Thumb Code     0  startup_stm32f103xb.o(.text)
    USBWakeUp_IRQHandler                     0x0800011f   Thumb Code     0  startup_stm32f103xb.o(.text)
    USB_HP_CAN1_TX_IRQHandler                0x0800011f   Thumb Code     0  startup_stm32f103xb.o(.text)
    USB_LP_CAN1_RX0_IRQHandler               0x0800011f   Thumb Code     0  startup_stm32f103xb.o(.text)
    WWDG_IRQHandler                          0x0800011f   Thumb Code     0  startup_stm32f103xb.o(.text)
    __aeabi_ldivmod                          0x08000129   Thumb Code    98  ldiv.o(.text)
    __aeabi_memset                           0x0800018b   Thumb Code    14  memseta.o(.text)
    __aeabi_memset4                          0x0800018b   Thumb Code     0  memseta.o(.text)
    __aeabi_memset8                          0x0800018b   Thumb Code     0  memseta.o(.text)
    __aeabi_memclr                           0x08000199   Thumb Code     4  memseta.o(.text)
    __aeabi_memclr4                          0x08000199   Thumb Code     0  memseta.o(.text)
    __aeabi_memclr8                          0x08000199   Thumb Code     0  memseta.o(.text)
    _memset$wrapper                          0x0800019d   Thumb Code    18  memseta.o(.text)
    strlen                                   0x080001af   Thumb Code    14  strlen.o(.text)
    __aeabi_fdiv                             0x080001bd   Thumb Code   124  fdiv.o(.text)
    __aeabi_dadd                             0x08000239   Thumb Code   322  dadd.o(.text)
    __aeabi_dsub                             0x0800037b   Thumb Code     6  dadd.o(.text)
    __aeabi_drsub                            0x08000381   Thumb Code     6  dadd.o(.text)
    __aeabi_dmul                             0x08000387   Thumb Code   228  dmul.o(.text)
    __aeabi_i2f                              0x0800046b   Thumb Code    18  fflti.o(.text)
    __aeabi_ui2f                             0x0800047d   Thumb Code    10  ffltui.o(.text)
    __aeabi_l2f                              0x08000487   Thumb Code    44  ffltl.o(.text)
    __aeabi_f2d                              0x080004b3   Thumb Code    38  f2d.o(.text)
    __aeabi_uidiv                            0x080004d9   Thumb Code     0  uidiv.o(.text)
    __aeabi_uidivmod                         0x080004d9   Thumb Code    44  uidiv.o(.text)
    __aeabi_uldivmod                         0x08000505   Thumb Code    98  uldiv.o(.text)
    __aeabi_llsl                             0x08000567   Thumb Code    30  llshl.o(.text)
    _ll_shift_l                              0x08000567   Thumb Code     0  llshl.o(.text)
    __aeabi_llsr                             0x08000585   Thumb Code    32  llushr.o(.text)
    _ll_ushift_r                             0x08000585   Thumb Code     0  llushr.o(.text)
    __aeabi_lasr                             0x080005a5   Thumb Code    36  llsshr.o(.text)
    _ll_sshift_r                             0x080005a5   Thumb Code     0  llsshr.o(.text)
    __I$use$fp                               0x080005c9   Thumb Code     0  iusefp.o(.text)
    _float_round                             0x080005c9   Thumb Code    18  fepilogue.o(.text)
    _float_epilogue                          0x080005db   Thumb Code    92  fepilogue.o(.text)
    _double_round                            0x08000637   Thumb Code    30  depilogue.o(.text)
    _double_epilogue                         0x08000655   Thumb Code   156  depilogue.o(.text)
    __aeabi_ddiv                             0x080006f1   Thumb Code   222  ddiv.o(.text)
    __aeabi_d2ulz                            0x080007cf   Thumb Code    48  dfixul.o(.text)
    __aeabi_cdrcmple                         0x08000801   Thumb Code    48  cdrcmple.o(.text)
    __scatterload                            0x08000831   Thumb Code    28  init.o(.text)
    __scatterload_rt2                        0x08000831   Thumb Code     0  init.o(.text)
    ADC_ConversionStop_Disable               0x08000855   Thumb Code    92  stm32f1xx_hal_adc.o(i.ADC_ConversionStop_Disable)
    ADC_Enable                               0x080008b1   Thumb Code   134  stm32f1xx_hal_adc.o(i.ADC_Enable)
    BusFault_Handler                         0x08000941   Thumb Code     4  stm32f1xx_it.o(i.BusFault_Handler)
    DebugMon_Handler                         0x08000945   Thumb Code     2  stm32f1xx_it.o(i.DebugMon_Handler)
    HAL_ADC_ConfigChannel                    0x08000949   Thumb Code   338  stm32f1xx_hal_adc.o(i.HAL_ADC_ConfigChannel)
    HAL_ADC_GetValue                         0x08000aa9   Thumb Code     8  stm32f1xx_hal_adc.o(i.HAL_ADC_GetValue)
    HAL_ADC_Init                             0x08000ab1   Thumb Code   314  stm32f1xx_hal_adc.o(i.HAL_ADC_Init)
    HAL_ADC_MspInit                          0x08000bf5   Thumb Code   118  adc.o(i.HAL_ADC_MspInit)
    HAL_ADC_PollForConversion                0x08000c79   Thumb Code   366  stm32f1xx_hal_adc.o(i.HAL_ADC_PollForConversion)
    HAL_ADC_Start                            0x08000df9   Thumb Code   294  stm32f1xx_hal_adc.o(i.HAL_ADC_Start)
    HAL_ADC_Stop                             0x08000f29   Thumb Code    64  stm32f1xx_hal_adc.o(i.HAL_ADC_Stop)
    HAL_GPIO_Init                            0x08000f69   Thumb Code   766  stm32f1xx_hal_gpio.o(i.HAL_GPIO_Init)
    HAL_GPIO_ReadPin                         0x08001289   Thumb Code    16  stm32f1xx_hal_gpio.o(i.HAL_GPIO_ReadPin)
    HAL_GPIO_WritePin                        0x08001299   Thumb Code    12  stm32f1xx_hal_gpio.o(i.HAL_GPIO_WritePin)
    HAL_GetTick                              0x080012a5   Thumb Code     6  stm32f1xx_hal.o(i.HAL_GetTick)
    HAL_IncTick                              0x080012b1   Thumb Code    16  stm32f1xx_hal.o(i.HAL_IncTick)
    HAL_Init                                 0x080012c9   Thumb Code    34  stm32f1xx_hal.o(i.HAL_Init)
    HAL_InitTick                             0x080012f1   Thumb Code    64  stm32f1xx_hal.o(i.HAL_InitTick)
    HAL_MspInit                              0x0800133d   Thumb Code     2  stm32f1xx_hal.o(i.HAL_MspInit)
    HAL_NVIC_EnableIRQ                       0x0800133f   Thumb Code    32  stm32f1xx_hal_cortex.o(i.HAL_NVIC_EnableIRQ)
    HAL_NVIC_SetPriority                     0x0800135f   Thumb Code   124  stm32f1xx_hal_cortex.o(i.HAL_NVIC_SetPriority)
    HAL_NVIC_SetPriorityGrouping             0x080013dd   Thumb Code    32  stm32f1xx_hal_cortex.o(i.HAL_NVIC_SetPriorityGrouping)
    HAL_RCCEx_GetPeriphCLKFreq               0x08001405   Thumb Code   232  stm32f1xx_hal_rcc_ex.o(i.HAL_RCCEx_GetPeriphCLKFreq)
    HAL_RCC_ClockConfig                      0x08001501   Thumb Code   376  stm32f1xx_hal_rcc.o(i.HAL_RCC_ClockConfig)
    HAL_RCC_GetHCLKFreq                      0x0800168d   Thumb Code     6  stm32f1xx_hal_rcc.o(i.HAL_RCC_GetHCLKFreq)
    HAL_RCC_GetPCLK1Freq                     0x08001699   Thumb Code    22  stm32f1xx_hal_rcc.o(i.HAL_RCC_GetPCLK1Freq)
    HAL_RCC_GetPCLK2Freq                     0x080016b9   Thumb Code    22  stm32f1xx_hal_rcc.o(i.HAL_RCC_GetPCLK2Freq)
    HAL_RCC_GetSysClockFreq                  0x080016d9   Thumb Code    92  stm32f1xx_hal_rcc.o(i.HAL_RCC_GetSysClockFreq)
    HAL_RCC_OscConfig                        0x08001749   Thumb Code  1114  stm32f1xx_hal_rcc.o(i.HAL_RCC_OscConfig)
    HAL_SYSTICK_Config                       0x08001bad   Thumb Code    52  stm32f1xx_hal_cortex.o(i.HAL_SYSTICK_Config)
    HAL_TIMEx_BreakCallback                  0x08001be1   Thumb Code     2  stm32f1xx_hal_tim_ex.o(i.HAL_TIMEx_BreakCallback)
    HAL_TIMEx_CommutCallback                 0x08001be3   Thumb Code     2  stm32f1xx_hal_tim_ex.o(i.HAL_TIMEx_CommutCallback)
    HAL_TIM_Base_Init                        0x08001be5   Thumb Code   102  stm32f1xx_hal_tim.o(i.HAL_TIM_Base_Init)
    HAL_TIM_Base_MspInit                     0x08001c4b   Thumb Code     2  stm32f1xx_hal_tim.o(i.HAL_TIM_Base_MspInit)
    HAL_TIM_Base_Start_IT                    0x08001c4d   Thumb Code   106  stm32f1xx_hal_tim.o(i.HAL_TIM_Base_Start_IT)
    HAL_TIM_IC_CaptureCallback               0x08001cc5   Thumb Code    48  input_catch.o(i.HAL_TIM_IC_CaptureCallback)
    HAL_TIM_IRQHandler                       0x08001d01   Thumb Code   406  stm32f1xx_hal_tim.o(i.HAL_TIM_IRQHandler)
    HAL_TIM_OC_DelayElapsedCallback          0x08001e97   Thumb Code     2  stm32f1xx_hal_tim.o(i.HAL_TIM_OC_DelayElapsedCallback)
    HAL_TIM_PWM_PulseFinishedCallback        0x08001e99   Thumb Code     2  stm32f1xx_hal_tim.o(i.HAL_TIM_PWM_PulseFinishedCallback)
    HAL_TIM_PeriodElapsedCallback            0x08001e9d   Thumb Code    16  dht22.o(i.HAL_TIM_PeriodElapsedCallback)
    HAL_TIM_ReadCapturedValue                0x08001eb5   Thumb Code    50  stm32f1xx_hal_tim.o(i.HAL_TIM_ReadCapturedValue)
    HAL_TIM_TriggerCallback                  0x08001ee7   Thumb Code     2  stm32f1xx_hal_tim.o(i.HAL_TIM_TriggerCallback)
    HAL_UART_Init                            0x08001ee9   Thumb Code   118  stm32f1xx_hal_uart.o(i.HAL_UART_Init)
    HAL_UART_MspInit                         0x08001f61   Thumb Code   154  uart1.o(i.HAL_UART_MspInit)
    HAL_UART_Receive                         0x08002009   Thumb Code   188  stm32f1xx_hal_uart.o(i.HAL_UART_Receive)
    HardFault_Handler                        0x080020c5   Thumb Code     4  stm32f1xx_it.o(i.HardFault_Handler)
    MemManage_Handler                        0x080020c9   Thumb Code     4  stm32f1xx_it.o(i.MemManage_Handler)
    NMI_Handler                              0x080020cd   Thumb Code     2  stm32f1xx_it.o(i.NMI_Handler)
    PendSV_Handler                           0x080020cf   Thumb Code     2  stm32f1xx_it.o(i.PendSV_Handler)
    SVC_Handler                              0x080020f9   Thumb Code     2  stm32f1xx_it.o(i.SVC_Handler)
    SysTick_Handler                          0x080020fb   Thumb Code     8  stm32f1xx_it.o(i.SysTick_Handler)
    SystemCoreClockUpdate                    0x08002105   Thumb Code   142  system_stm32f1xx.o(i.SystemCoreClockUpdate)
    SystemInit                               0x080021a9   Thumb Code     2  system_stm32f1xx.o(i.SystemInit)
    TIM2_IRQHandler                          0x080021ad   Thumb Code    10  input_catch.o(i.TIM2_IRQHandler)
    TIM4_IRQHandler                          0x080021bd   Thumb Code    10  dht22.o(i.TIM4_IRQHandler)
    TIM_Base_SetConfig                       0x080021cd   Thumb Code   104  stm32f1xx_hal_tim.o(i.TIM_Base_SetConfig)
    USART2_IRQHandler                        0x080023d1   Thumb Code   106  uart1.o(i.USART2_IRQHandler)
    UsageFault_Handler                       0x08002455   Thumb Code     4  stm32f1xx_it.o(i.UsageFault_Handler)
    __0printf                                0x08002459   Thumb Code    22  printfa.o(i.__0printf)
    __1printf                                0x08002459   Thumb Code     0  printfa.o(i.__0printf)
    __2printf                                0x08002459   Thumb Code     0  printfa.o(i.__0printf)
    __c89printf                              0x08002459   Thumb Code     0  printfa.o(i.__0printf)
    printf                                   0x08002459   Thumb Code     0  printfa.o(i.__0printf)
    __0sprintf                               0x08002479   Thumb Code    34  printfa.o(i.__0sprintf)
    __1sprintf                               0x08002479   Thumb Code     0  printfa.o(i.__0sprintf)
    __2sprintf                               0x08002479   Thumb Code     0  printfa.o(i.__0sprintf)
    __c89sprintf                             0x08002479   Thumb Code     0  printfa.o(i.__0sprintf)
    sprintf                                  0x08002479   Thumb Code     0  printfa.o(i.__0sprintf)
    __scatterload_copy                       0x080024d9   Thumb Code    14  handlers.o(i.__scatterload_copy)
    __scatterload_null                       0x080024e7   Thumb Code     2  handlers.o(i.__scatterload_null)
    __scatterload_zeroinit                   0x080024e9   Thumb Code    14  handlers.o(i.__scatterload_zeroinit)
    bh1750_init                              0x08002d8d   Thumb Code    16  bh1750.o(i.bh1750_init)
    bh1750_read_lux                          0x08002d9d   Thumb Code    42  bh1750.o(i.bh1750_read_lux)
    bh1750_update_display                    0x08002e05   Thumb Code   116  bh1750.o(i.bh1750_update_display)
    bh1750_write_single                      0x08002ebd   Thumb Code    34  bh1750.o(i.bh1750_write_single)
    bmp280_calculate                         0x08002ee1   Thumb Code   568  bmp280.o(i.bmp280_calculate)
    bmp280_init                              0x0800311d   Thumb Code    58  bmp280.o(i.bmp280_init)
    bmp280_read_calib                        0x080031f9   Thumb Code   208  bmp280.o(i.bmp280_read_calib)
    bmp280_read_data                         0x080032c9   Thumb Code    28  bmp280.o(i.bmp280_read_data)
    bmp280_read_raw                          0x080032e9   Thumb Code    74  bmp280.o(i.bmp280_read_raw)
    bmp280_update_display                    0x08003335   Thumb Code   142  bmp280.o(i.bmp280_update_display)
    bsp_raindrop_analog_init                 0x08003461   Thumb Code   124  bsp_raindrop.o(i.bsp_raindrop_analog_init)
    bsp_raindrop_get_percent                 0x08003501   Thumb Code   108  bsp_raindrop.o(i.bsp_raindrop_get_percent)
    bsp_raindrop_read_analog_raw             0x080035c1   Thumb Code    90  bsp_raindrop.o(i.bsp_raindrop_read_analog_raw)
    bsp_raindrop_update_display              0x08003665   Thumb Code    32  bsp_raindrop.o(i.bsp_raindrop_update_display)
    delay_ms                                 0x08003689   Thumb Code    24  delay.o(i.delay_ms)
    delay_us                                 0x080036a1   Thumb Code    78  delay.o(i.delay_us)
    dht22_init                               0x080036ef   Thumb Code    14  dht22.o(i.dht22_init)
    dht22_read                               0x080036fd   Thumb Code   156  dht22.o(i.dht22_read)
    dht22_strerror                           0x0800379d   Thumb Code    42  dht22.o(i.dht22_strerror)
    dht22_timer_init                         0x08003829   Thumb Code    96  dht22.o(i.dht22_timer_init)
    dht22_update_display                     0x08003895   Thumb Code   168  dht22.o(i.dht22_update_display)
    fputc                                    0x08003ae9   Thumb Code    24  main.o(i.fputc)
    iic_cpu_receive_ack                      0x08003b05   Thumb Code    62  my_iic.o(i.iic_cpu_receive_ack)
    iic_cpu_send_ack                         0x08003b49   Thumb Code    42  my_iic.o(i.iic_cpu_send_ack)
    iic_receive_bit                          0x08003b75   Thumb Code    68  my_iic.o(i.iic_receive_bit)
    iic_scl                                  0x08003bbd   Thumb Code    18  my_iic.o(i.iic_scl)
    iic_scl_init                             0x08003bd5   Thumb Code    70  my_iic.o(i.iic_scl_init)
    iic_sda                                  0x08003c25   Thumb Code    18  my_iic.o(i.iic_sda)
    iic_sda_in                               0x08003c3d   Thumb Code    38  my_iic.o(i.iic_sda_in)
    iic_sda_init                             0x08003c69   Thumb Code   124  my_iic.o(i.iic_sda_init)
    iic_sda_out                              0x08003ced   Thumb Code    40  my_iic.o(i.iic_sda_out)
    iic_start                                0x08003d19   Thumb Code    46  my_iic.o(i.iic_start)
    iic_stop                                 0x08003d47   Thumb Code    40  my_iic.o(i.iic_stop)
    iic_write_bit                            0x08003d6f   Thumb Code    66  my_iic.o(i.iic_write_bit)
    main                                     0x08003db1   Thumb Code    98  main.o(i.main)
    my_iic_init                              0x08003e13   Thumb Code    30  my_iic.o(i.my_iic_init)
    oled_clear_line                          0x08003e31   Thumb Code    86  oled.o(i.oled_clear_line)
    oled_fill                                0x08003e87   Thumb Code    44  oled.o(i.oled_fill)
    oled_gpio_init                           0x08003eb5   Thumb Code    98  oled.o(i.oled_gpio_init)
    oled_i2c_ack                             0x08003f21   Thumb Code    26  oled.o(i.oled_i2c_ack)
    oled_i2c_start                           0x08003f41   Thumb Code    48  oled.o(i.oled_i2c_start)
    oled_i2c_stop                            0x08003f75   Thumb Code    36  oled.o(i.oled_i2c_stop)
    oled_i2c_write_byte                      0x08003f9d   Thumb Code    78  oled.o(i.oled_i2c_write_byte)
    oled_init                                0x08003ff1   Thumb Code   152  oled.o(i.oled_init)
    oled_set_cursor                          0x08004089   Thumb Code    36  oled.o(i.oled_set_cursor)
    oled_show_char                           0x080040ad   Thumb Code   172  oled.o(i.oled_show_char)
    oled_show_string                         0x08004165   Thumb Code    50  oled.o(i.oled_show_string)
    oled_write_cmd                           0x08004197   Thumb Code    44  oled.o(i.oled_write_cmd)
    oled_write_data                          0x080041c3   Thumb Code    44  oled.o(i.oled_write_data)
    stm32_clock_init                         0x080041ef   Thumb Code   102  sys.o(i.stm32_clock_init)
    uart1_init                               0x08004255   Thumb Code    36  uart1.o(i.uart1_init)
    uart_clear                               0x08004281   Thumb Code    18  uart1.o(i.uart_clear)
    AHBPrescTable                            0x080042d0   Data          16  system_stm32f1xx.o(.constdata)
    APBPrescTable                            0x080042e0   Data           8  system_stm32f1xx.o(.constdata)
    chinese_16x16                            0x080042e8   Data         160  oled.o(.constdata)
    chinese_24x24                            0x08004388   Data         360  oled.o(.constdata)
    ascii_6X12                               0x080044f0   Data        1140  oled.o(.constdata)
    ascii_8X16                               0x08004964   Data        1520  oled.o(.constdata)
    ascii_12X24                              0x08004f54   Data        3420  oled.o(.constdata)
    shuai_data                               0x08005cb0   Data        1024  oled.o(.constdata)
    OLED_F8x16                               0x080060b0   Data        1520  oled.o(.constdata)
    Region$$Table$$Base                      0x080066c4   Number         0  anon$$obj.o(Region$$Table)
    Region$$Table$$Limit                     0x080066e4   Number         0  anon$$obj.o(Region$$Table)
    SystemCoreClock                          0x20000000   Data           4  system_stm32f1xx.o(.data)
    zhan_bi                                  0x20000004   Data           4  input_catch.o(.data)
    overflow_count                           0x20000008   Data           4  input_catch.o(.data)
    imput_catch_value                        0x2000000c   Data           4  input_catch.o(.data)
    dht22_sample_flag                        0x20000013   Data           1  dht22.o(.data)
    rx_cnt                                   0x20000016   Data           1  uart1.o(.data)
    rx_pre_cnt                               0x20000017   Data           1  uart1.o(.data)
    uwTick                                   0x20000018   Data           4  stm32f1xx_hal.o(.data)
    uwTickPrio                               0x2000001c   Data           4  stm32f1xx_hal.o(.data)
    uwTickFreq                               0x20000020   Data           1  stm32f1xx_hal.o(.data)
    __stdout                                 0x20000024   Data           4  stdout.o(.data)
    input_catch_initstruct                   0x20000028   Data          72  input_catch.o(.bss)
    htim4                                    0x200000a0   Data          72  dht22.o(.bss)
    usart_rx_buff                            0x20000100   Data         128  uart1.o(.bss)
    uart_handle                              0x20000180   Data          72  uart1.o(.bss)
    __initial_sp                             0x200005c8   Data           0  startup_stm32f103xb.o(STACK)



==============================================================================

Memory Map of the image

  Image Entry point : 0x080000ed

  Load Region LR_IROM1 (Base: 0x08000000, Size: 0x0000670c, Max: 0x00010000, ABSOLUTE)

    Execution Region ER_IROM1 (Exec base: 0x08000000, Load base: 0x08000000, Size: 0x000066e4, Max: 0x00010000, ABSOLUTE)

    Exec Addr    Load Addr    Size         Type   Attr      Idx    E Section Name        Object

    0x08000000   0x08000000   0x000000ec   Data   RO            3    RESET               startup_stm32f103xb.o
    0x080000ec   0x080000ec   0x00000000   Code   RO         4496  * .ARM.Collect$$$$00000000  mc_w.l(entry.o)
    0x080000ec   0x080000ec   0x00000004   Code   RO         4790    .ARM.Collect$$$$00000001  mc_w.l(entry2.o)
    0x080000f0   0x080000f0   0x00000004   Code   RO         4793    .ARM.Collect$$$$00000004  mc_w.l(entry5.o)
    0x080000f4   0x080000f4   0x00000000   Code   RO         4795    .ARM.Collect$$$$00000008  mc_w.l(entry7b.o)
    0x080000f4   0x080000f4   0x00000000   Code   RO         4797    .ARM.Collect$$$$0000000A  mc_w.l(entry8b.o)
    0x080000f4   0x080000f4   0x00000008   Code   RO         4798    .ARM.Collect$$$$0000000B  mc_w.l(entry9a.o)
    0x080000fc   0x080000fc   0x00000004   Code   RO         4805    .ARM.Collect$$$$0000000E  mc_w.l(entry12b.o)
    0x08000100   0x08000100   0x00000000   Code   RO         4800    .ARM.Collect$$$$0000000F  mc_w.l(entry10a.o)
    0x08000100   0x08000100   0x00000000   Code   RO         4802    .ARM.Collect$$$$00000011  mc_w.l(entry11a.o)
    0x08000100   0x08000100   0x00000004   Code   RO         4791    .ARM.Collect$$$$00002712  mc_w.l(entry2.o)
    0x08000104   0x08000104   0x00000024   Code   RO            4    .text               startup_stm32f103xb.o
    0x08000128   0x08000128   0x00000062   Code   RO         4499    .text               mc_w.l(ldiv.o)
    0x0800018a   0x0800018a   0x00000024   Code   RO         4501    .text               mc_w.l(memseta.o)
    0x080001ae   0x080001ae   0x0000000e   Code   RO         4503    .text               mc_w.l(strlen.o)
    0x080001bc   0x080001bc   0x0000007c   Code   RO         4770    .text               mf_w.l(fdiv.o)
    0x08000238   0x08000238   0x0000014e   Code   RO         4772    .text               mf_w.l(dadd.o)
    0x08000386   0x08000386   0x000000e4   Code   RO         4774    .text               mf_w.l(dmul.o)
    0x0800046a   0x0800046a   0x00000012   Code   RO         4776    .text               mf_w.l(fflti.o)
    0x0800047c   0x0800047c   0x0000000a   Code   RO         4778    .text               mf_w.l(ffltui.o)
    0x08000486   0x08000486   0x0000002c   Code   RO         4780    .text               mf_w.l(ffltl.o)
    0x080004b2   0x080004b2   0x00000026   Code   RO         4788    .text               mf_w.l(f2d.o)
    0x080004d8   0x080004d8   0x0000002c   Code   RO         4807    .text               mc_w.l(uidiv.o)
    0x08000504   0x08000504   0x00000062   Code   RO         4809    .text               mc_w.l(uldiv.o)
    0x08000566   0x08000566   0x0000001e   Code   RO         4811    .text               mc_w.l(llshl.o)
    0x08000584   0x08000584   0x00000020   Code   RO         4813    .text               mc_w.l(llushr.o)
    0x080005a4   0x080005a4   0x00000024   Code   RO         4815    .text               mc_w.l(llsshr.o)
    0x080005c8   0x080005c8   0x00000000   Code   RO         4817    .text               mc_w.l(iusefp.o)
    0x080005c8   0x080005c8   0x0000006e   Code   RO         4818    .text               mf_w.l(fepilogue.o)
    0x08000636   0x08000636   0x000000ba   Code   RO         4820    .text               mf_w.l(depilogue.o)
    0x080006f0   0x080006f0   0x000000de   Code   RO         4822    .text               mf_w.l(ddiv.o)
    0x080007ce   0x080007ce   0x00000030   Code   RO         4824    .text               mf_w.l(dfixul.o)
    0x080007fe   0x080007fe   0x00000002   PAD
    0x08000800   0x08000800   0x00000030   Code   RO         4826    .text               mf_w.l(cdrcmple.o)
    0x08000830   0x08000830   0x00000024   Code   RO         4828    .text               mc_w.l(init.o)
    0x08000854   0x08000854   0x0000005c   Code   RO         4223    i.ADC_ConversionStop_Disable  stm32f1xx_hal_adc.o
    0x080008b0   0x080008b0   0x00000090   Code   RO         4227    i.ADC_Enable        stm32f1xx_hal_adc.o
    0x08000940   0x08000940   0x00000004   Code   RO          253    i.BusFault_Handler  stm32f1xx_it.o
    0x08000944   0x08000944   0x00000002   Code   RO          254    i.DebugMon_Handler  stm32f1xx_it.o
    0x08000946   0x08000946   0x00000002   PAD
    0x08000948   0x08000948   0x00000160   Code   RO         4229    i.HAL_ADC_ConfigChannel  stm32f1xx_hal_adc.o
    0x08000aa8   0x08000aa8   0x00000008   Code   RO         4236    i.HAL_ADC_GetValue  stm32f1xx_hal_adc.o
    0x08000ab0   0x08000ab0   0x00000144   Code   RO         4238    i.HAL_ADC_Init      stm32f1xx_hal_adc.o
    0x08000bf4   0x08000bf4   0x00000084   Code   RO         1022    i.HAL_ADC_MspInit   adc.o
    0x08000c78   0x08000c78   0x00000180   Code   RO         4242    i.HAL_ADC_PollForConversion  stm32f1xx_hal_adc.o
    0x08000df8   0x08000df8   0x00000130   Code   RO         4244    i.HAL_ADC_Start     stm32f1xx_hal_adc.o
    0x08000f28   0x08000f28   0x00000040   Code   RO         4247    i.HAL_ADC_Stop      stm32f1xx_hal_adc.o
    0x08000f68   0x08000f68   0x00000320   Code   RO         1879    i.HAL_GPIO_Init     stm32f1xx_hal_gpio.o
    0x08001288   0x08001288   0x00000010   Code   RO         1881    i.HAL_GPIO_ReadPin  stm32f1xx_hal_gpio.o
    0x08001298   0x08001298   0x0000000c   Code   RO         1883    i.HAL_GPIO_WritePin  stm32f1xx_hal_gpio.o
    0x080012a4   0x080012a4   0x0000000c   Code   RO         1496    i.HAL_GetTick       stm32f1xx_hal.o
    0x080012b0   0x080012b0   0x00000018   Code   RO         1502    i.HAL_IncTick       stm32f1xx_hal.o
    0x080012c8   0x080012c8   0x00000028   Code   RO         1503    i.HAL_Init          stm32f1xx_hal.o
    0x080012f0   0x080012f0   0x0000004c   Code   RO         1504    i.HAL_InitTick      stm32f1xx_hal.o
    0x0800133c   0x0800133c   0x00000002   Code   RO         1506    i.HAL_MspInit       stm32f1xx_hal.o
    0x0800133e   0x0800133e   0x00000020   Code   RO         1661    i.HAL_NVIC_EnableIRQ  stm32f1xx_hal_cortex.o
    0x0800135e   0x0800135e   0x0000007c   Code   RO         1667    i.HAL_NVIC_SetPriority  stm32f1xx_hal_cortex.o
    0x080013da   0x080013da   0x00000002   PAD
    0x080013dc   0x080013dc   0x00000028   Code   RO         1668    i.HAL_NVIC_SetPriorityGrouping  stm32f1xx_hal_cortex.o
    0x08001404   0x08001404   0x000000fc   Code   RO         2726    i.HAL_RCCEx_GetPeriphCLKFreq  stm32f1xx_hal_rcc_ex.o
    0x08001500   0x08001500   0x0000018c   Code   RO         2618    i.HAL_RCC_ClockConfig  stm32f1xx_hal_rcc.o
    0x0800168c   0x0800168c   0x0000000c   Code   RO         2623    i.HAL_RCC_GetHCLKFreq  stm32f1xx_hal_rcc.o
    0x08001698   0x08001698   0x00000020   Code   RO         2625    i.HAL_RCC_GetPCLK1Freq  stm32f1xx_hal_rcc.o
    0x080016b8   0x080016b8   0x00000020   Code   RO         2626    i.HAL_RCC_GetPCLK2Freq  stm32f1xx_hal_rcc.o
    0x080016d8   0x080016d8   0x00000070   Code   RO         2627    i.HAL_RCC_GetSysClockFreq  stm32f1xx_hal_rcc.o
    0x08001748   0x08001748   0x00000464   Code   RO         2630    i.HAL_RCC_OscConfig  stm32f1xx_hal_rcc.o
    0x08001bac   0x08001bac   0x00000034   Code   RO         1672    i.HAL_SYSTICK_Config  stm32f1xx_hal_cortex.o
    0x08001be0   0x08001be0   0x00000002   Code   RO         3479    i.HAL_TIMEx_BreakCallback  stm32f1xx_hal_tim_ex.o
    0x08001be2   0x08001be2   0x00000002   Code   RO         3480    i.HAL_TIMEx_CommutCallback  stm32f1xx_hal_tim_ex.o
    0x08001be4   0x08001be4   0x00000066   Code   RO         2764    i.HAL_TIM_Base_Init  stm32f1xx_hal_tim.o
    0x08001c4a   0x08001c4a   0x00000002   Code   RO         2766    i.HAL_TIM_Base_MspInit  stm32f1xx_hal_tim.o
    0x08001c4c   0x08001c4c   0x00000078   Code   RO         2769    i.HAL_TIM_Base_Start_IT  stm32f1xx_hal_tim.o
    0x08001cc4   0x08001cc4   0x0000003c   Code   RO          783    i.HAL_TIM_IC_CaptureCallback  input_catch.o
    0x08001d00   0x08001d00   0x00000196   Code   RO         2812    i.HAL_TIM_IRQHandler  stm32f1xx_hal_tim.o
    0x08001e96   0x08001e96   0x00000002   Code   RO         2815    i.HAL_TIM_OC_DelayElapsedCallback  stm32f1xx_hal_tim.o
    0x08001e98   0x08001e98   0x00000002   Code   RO         2842    i.HAL_TIM_PWM_PulseFinishedCallback  stm32f1xx_hal_tim.o
    0x08001e9a   0x08001e9a   0x00000002   PAD
    0x08001e9c   0x08001e9c   0x00000018   Code   RO         1119    i.HAL_TIM_PeriodElapsedCallback  dht22.o
    0x08001eb4   0x08001eb4   0x00000032   Code   RO         2852    i.HAL_TIM_ReadCapturedValue  stm32f1xx_hal_tim.o
    0x08001ee6   0x08001ee6   0x00000002   Code   RO         2855    i.HAL_TIM_TriggerCallback  stm32f1xx_hal_tim.o
    0x08001ee8   0x08001ee8   0x00000076   Code   RO         2008    i.HAL_UART_Init     stm32f1xx_hal_uart.o
    0x08001f5e   0x08001f5e   0x00000002   PAD
    0x08001f60   0x08001f60   0x000000a8   Code   RO         1439    i.HAL_UART_MspInit  uart1.o
    0x08002008   0x08002008   0x000000bc   Code   RO         2011    i.HAL_UART_Receive  stm32f1xx_hal_uart.o
    0x080020c4   0x080020c4   0x00000004   Code   RO          255    i.HardFault_Handler  stm32f1xx_it.o
    0x080020c8   0x080020c8   0x00000004   Code   RO          256    i.MemManage_Handler  stm32f1xx_it.o
    0x080020cc   0x080020cc   0x00000002   Code   RO          257    i.NMI_Handler       stm32f1xx_it.o
    0x080020ce   0x080020ce   0x00000002   Code   RO          258    i.PendSV_Handler    stm32f1xx_it.o
    0x080020d0   0x080020d0   0x00000028   Code   RO         2631    i.RCC_Delay         stm32f1xx_hal_rcc.o
    0x080020f8   0x080020f8   0x00000002   Code   RO          259    i.SVC_Handler       stm32f1xx_it.o
    0x080020fa   0x080020fa   0x00000008   Code   RO          260    i.SysTick_Handler   stm32f1xx_it.o
    0x08002102   0x08002102   0x00000002   PAD
    0x08002104   0x08002104   0x000000a4   Code   RO          487    i.SystemCoreClockUpdate  system_stm32f1xx.o
    0x080021a8   0x080021a8   0x00000002   Code   RO          488    i.SystemInit        system_stm32f1xx.o
    0x080021aa   0x080021aa   0x00000002   PAD
    0x080021ac   0x080021ac   0x00000010   Code   RO          784    i.TIM2_IRQHandler   input_catch.o
    0x080021bc   0x080021bc   0x00000010   Code   RO         1120    i.TIM4_IRQHandler   dht22.o
    0x080021cc   0x080021cc   0x00000074   Code   RO         2857    i.TIM_Base_SetConfig  stm32f1xx_hal_tim.o
    0x08002240   0x08002240   0x000000fc   Code   RO         2035    i.UART_SetConfig    stm32f1xx_hal_uart.o
    0x0800233c   0x0800233c   0x00000092   Code   RO         2039    i.UART_WaitOnFlagUntilTimeout  stm32f1xx_hal_uart.o
    0x080023ce   0x080023ce   0x00000002   PAD
    0x080023d0   0x080023d0   0x00000084   Code   RO         1440    i.USART2_IRQHandler  uart1.o
    0x08002454   0x08002454   0x00000004   Code   RO          261    i.UsageFault_Handler  stm32f1xx_it.o
    0x08002458   0x08002458   0x00000020   Code   RO         4738    i.__0printf         mc_w.l(printfa.o)
    0x08002478   0x08002478   0x00000028   Code   RO         4740    i.__0sprintf        mc_w.l(printfa.o)
    0x080024a0   0x080024a0   0x00000010   Code   RO         1674    i.__NVIC_GetPriorityGrouping  stm32f1xx_hal_cortex.o
    0x080024b0   0x080024b0   0x00000028   Code   RO         1675    i.__NVIC_SetPriority  stm32f1xx_hal_cortex.o
    0x080024d8   0x080024d8   0x0000000e   Code   RO         4832    i.__scatterload_copy  mc_w.l(handlers.o)
    0x080024e6   0x080024e6   0x00000002   Code   RO         4833    i.__scatterload_null  mc_w.l(handlers.o)
    0x080024e8   0x080024e8   0x0000000e   Code   RO         4834    i.__scatterload_zeroinit  mc_w.l(handlers.o)
    0x080024f6   0x080024f6   0x00000002   PAD
    0x080024f8   0x080024f8   0x00000184   Code   RO         4745    i._fp_digits        mc_w.l(printfa.o)
    0x0800267c   0x0800267c   0x000006b4   Code   RO         4746    i._printf_core      mc_w.l(printfa.o)
    0x08002d30   0x08002d30   0x00000024   Code   RO         4747    i._printf_post_padding  mc_w.l(printfa.o)
    0x08002d54   0x08002d54   0x0000002e   Code   RO         4748    i._printf_pre_padding  mc_w.l(printfa.o)
    0x08002d82   0x08002d82   0x0000000a   Code   RO         4750    i._sputc            mc_w.l(printfa.o)
    0x08002d8c   0x08002d8c   0x00000010   Code   RO          971    i.bh1750_init       bh1750.o
    0x08002d9c   0x08002d9c   0x00000030   Code   RO          972    i.bh1750_read_lux   bh1750.o
    0x08002dcc   0x08002dcc   0x00000036   Code   RO          973    i.bh1750_read_raw   bh1750.o
    0x08002e02   0x08002e02   0x00000002   PAD
    0x08002e04   0x08002e04   0x000000b8   Code   RO          974    i.bh1750_update_display  bh1750.o
    0x08002ebc   0x08002ebc   0x00000022   Code   RO          975    i.bh1750_write_single  bh1750.o
    0x08002ede   0x08002ede   0x00000002   PAD
    0x08002ee0   0x08002ee0   0x0000023c   Code   RO         1298    i.bmp280_calculate  bmp280.o
    0x0800311c   0x0800311c   0x00000040   Code   RO         1299    i.bmp280_init       bmp280.o
    0x0800315c   0x0800315c   0x0000003e   Code   RO         1300    i.bmp280_read_byte  bmp280.o
    0x0800319a   0x0800319a   0x0000005e   Code   RO         1301    i.bmp280_read_bytes  bmp280.o
    0x080031f8   0x080031f8   0x000000d0   Code   RO         1302    i.bmp280_read_calib  bmp280.o
    0x080032c8   0x080032c8   0x00000020   Code   RO         1303    i.bmp280_read_data  bmp280.o
    0x080032e8   0x080032e8   0x0000004a   Code   RO         1304    i.bmp280_read_raw   bmp280.o
    0x08003332   0x08003332   0x00000002   PAD
    0x08003334   0x08003334   0x000000fc   Code   RO         1305    i.bmp280_update_display  bmp280.o
    0x08003430   0x08003430   0x0000002e   Code   RO         1306    i.bmp280_write_byte  bmp280.o
    0x0800345e   0x0800345e   0x00000002   PAD
    0x08003460   0x08003460   0x000000a0   Code   RO         1068    i.bsp_raindrop_analog_init  bsp_raindrop.o
    0x08003500   0x08003500   0x000000c0   Code   RO         1069    i.bsp_raindrop_get_percent  bsp_raindrop.o
    0x080035c0   0x080035c0   0x000000a4   Code   RO         1071    i.bsp_raindrop_read_analog_raw  bsp_raindrop.o
    0x08003664   0x08003664   0x00000024   Code   RO         1072    i.bsp_raindrop_update_display  bsp_raindrop.o
    0x08003688   0x08003688   0x00000018   Code   RO         1371    i.delay_ms          delay.o
    0x080036a0   0x080036a0   0x0000004e   Code   RO         1373    i.delay_us          delay.o
    0x080036ee   0x080036ee   0x0000000e   Code   RO         1122    i.dht22_init        dht22.o
    0x080036fc   0x080036fc   0x000000a0   Code   RO         1123    i.dht22_read        dht22.o
    0x0800379c   0x0800379c   0x0000008c   Code   RO         1125    i.dht22_strerror    dht22.o
    0x08003828   0x08003828   0x0000006c   Code   RO         1126    i.dht22_timer_init  dht22.o
    0x08003894   0x08003894   0x00000108   Code   RO         1127    i.dht22_update_display  dht22.o
    0x0800399c   0x0800399c   0x000000b0   Code   RO         1128    i.dht_read_raw      dht22.o
    0x08003a4c   0x08003a4c   0x00000028   Code   RO         1129    i.dht_set_input     dht22.o
    0x08003a74   0x08003a74   0x0000002c   Code   RO         1130    i.dht_set_output    dht22.o
    0x08003aa0   0x08003aa0   0x00000048   Code   RO         1131    i.dht_start_and_check  dht22.o
    0x08003ae8   0x08003ae8   0x0000001c   Code   RO           13    i.fputc             main.o
    0x08003b04   0x08003b04   0x00000044   Code   RO          869    i.iic_cpu_receive_ack  my_iic.o
    0x08003b48   0x08003b48   0x0000002a   Code   RO          870    i.iic_cpu_send_ack  my_iic.o
    0x08003b72   0x08003b72   0x00000002   PAD
    0x08003b74   0x08003b74   0x00000048   Code   RO          872    i.iic_receive_bit   my_iic.o
    0x08003bbc   0x08003bbc   0x00000018   Code   RO          873    i.iic_scl           my_iic.o
    0x08003bd4   0x08003bd4   0x00000050   Code   RO          874    i.iic_scl_init      my_iic.o
    0x08003c24   0x08003c24   0x00000018   Code   RO          875    i.iic_sda           my_iic.o
    0x08003c3c   0x08003c3c   0x0000002c   Code   RO          876    i.iic_sda_in        my_iic.o
    0x08003c68   0x08003c68   0x00000084   Code   RO          877    i.iic_sda_init      my_iic.o
    0x08003cec   0x08003cec   0x0000002c   Code   RO          878    i.iic_sda_out       my_iic.o
    0x08003d18   0x08003d18   0x0000002e   Code   RO          879    i.iic_start         my_iic.o
    0x08003d46   0x08003d46   0x00000028   Code   RO          880    i.iic_stop          my_iic.o
    0x08003d6e   0x08003d6e   0x00000042   Code   RO          881    i.iic_write_bit     my_iic.o
    0x08003db0   0x08003db0   0x00000062   Code   RO           14    i.main              main.o
    0x08003e12   0x08003e12   0x0000001e   Code   RO          882    i.my_iic_init       my_iic.o
    0x08003e30   0x08003e30   0x00000056   Code   RO          630    i.oled_clear_line   oled.o
    0x08003e86   0x08003e86   0x0000002c   Code   RO          631    i.oled_fill         oled.o
    0x08003eb2   0x08003eb2   0x00000002   PAD
    0x08003eb4   0x08003eb4   0x0000006c   Code   RO          632    i.oled_gpio_init    oled.o
    0x08003f20   0x08003f20   0x00000020   Code   RO          633    i.oled_i2c_ack      oled.o
    0x08003f40   0x08003f40   0x00000034   Code   RO          634    i.oled_i2c_start    oled.o
    0x08003f74   0x08003f74   0x00000028   Code   RO          635    i.oled_i2c_stop     oled.o
    0x08003f9c   0x08003f9c   0x00000054   Code   RO          636    i.oled_i2c_write_byte  oled.o
    0x08003ff0   0x08003ff0   0x00000098   Code   RO          637    i.oled_init         oled.o
    0x08004088   0x08004088   0x00000024   Code   RO          638    i.oled_set_cursor   oled.o
    0x080040ac   0x080040ac   0x000000b8   Code   RO          639    i.oled_show_char    oled.o
    0x08004164   0x08004164   0x00000032   Code   RO          642    i.oled_show_string  oled.o
    0x08004196   0x08004196   0x0000002c   Code   RO          643    i.oled_write_cmd    oled.o
    0x080041c2   0x080041c2   0x0000002c   Code   RO          644    i.oled_write_data   oled.o
    0x080041ee   0x080041ee   0x00000066   Code   RO         1415    i.stm32_clock_init  sys.o
    0x08004254   0x08004254   0x0000002c   Code   RO         1441    i.uart1_init        uart1.o
    0x08004280   0x08004280   0x0000001c   Code   RO         1442    i.uart_clear        uart1.o
    0x0800429c   0x0800429c   0x00000034   Code   RO         1132    i.wait_level        dht22.o
    0x080042d0   0x080042d0   0x00000018   Data   RO          489    .constdata          system_stm32f1xx.o
    0x080042e8   0x080042e8   0x000023b8   Data   RO          645    .constdata          oled.o
    0x080066a0   0x080066a0   0x00000012   Data   RO         2632    .constdata          stm32f1xx_hal_rcc.o
    0x080066b2   0x080066b2   0x00000012   Data   RO         2728    .constdata          stm32f1xx_hal_rcc_ex.o
    0x080066c4   0x080066c4   0x00000020   Data   RO         4830    Region$$Table       anon$$obj.o


    Execution Region RW_IRAM1 (Exec base: 0x20000000, Load base: 0x080066e4, Size: 0x000005c8, Max: 0x00005000, ABSOLUTE)

    Exec Addr    Load Addr    Size         Type   Attr      Idx    E Section Name        Object

    0x20000000   0x080066e4   0x00000004   Data   RW          490    .data               system_stm32f1xx.o
    0x20000004   0x080066e8   0x0000000c   Data   RW          787    .data               input_catch.o
    0x20000010   0x080066f4   0x00000001   Data   RW          976    .data               bh1750.o
    0x20000011   0x080066f5   0x00000002   Data   RW         1074    .data               bsp_raindrop.o
    0x20000013   0x080066f7   0x00000002   Data   RW         1134    .data               dht22.o
    0x20000015   0x080066f9   0x00000001   Data   RW         1308    .data               bmp280.o
    0x20000016   0x080066fa   0x00000002   Data   RW         1444    .data               uart1.o
    0x20000018   0x080066fc   0x00000009   Data   RW         1510    .data               stm32f1xx_hal.o
    0x20000021   0x08006705   0x00000003   PAD
    0x20000024   0x08006708   0x00000004   Data   RW         4806    .data               mc_w.l(stdout.o)
    0x20000028        -       0x00000048   Zero   RW          786    .bss                input_catch.o
    0x20000070        -       0x00000030   Zero   RW         1073    .bss                bsp_raindrop.o
    0x200000a0        -       0x00000048   Zero   RW         1133    .bss                dht22.o
    0x200000e8        -       0x00000018   Zero   RW         1307    .bss                bmp280.o
    0x20000100        -       0x000000c8   Zero   RW         1443    .bss                uart1.o
    0x200001c8        -       0x00000400   Zero   RW            1    STACK               startup_stm32f103xb.o


==============================================================================

Image component sizes


      Code (inc. data)   RO Data    RW Data    ZI Data      Debug   Object Name

       132         14          0          0          0       1066   adc.o
       336         74          0          1          0       3218   bh1750.o
      1404        124          0          1         24       6966   bmp280.o
       552        198          0          2         48       3591   bsp_raindrop.o
       102          0          0          0          0       1090   delay.o
      1110        258          0          2         72       8325   dht22.o
        76         18          0         12         72       1973   input_catch.o
       126          4          0          0          0     411863   main.o
       712         50          0          0          0       7689   my_iic.o
       956         42       9144          0          0       9148   oled.o
        36          8        236          0       1024        936   startup_stm32f103xb.o
       154         32          0          9          0       5927   stm32f1xx_hal.o
      1672         62          0          0          0       7275   stm32f1xx_hal_adc.o
       304         22          0          0          0      29579   stm32f1xx_hal_cortex.o
       828         34          0          0          0       3407   stm32f1xx_hal_gpio.o
      1748         98         18          0          0       6156   stm32f1xx_hal_rcc.o
       252         20         18          0          0       1417   stm32f1xx_hal_rcc_ex.o
       802         26          0          0          0       6533   stm32f1xx_hal_tim.o
         4          0          0          0          0       1617   stm32f1xx_hal_tim_ex.o
       704          4          0          0          0       3891   stm32f1xx_hal_uart.o
        32          0          0          0          0     440350   stm32f1xx_it.o
       102          0          0          0          0        719   sys.o
       166         22         24          4          0       2115   system_stm32f1xx.o
       372         58          0          2        200       3259   uart1.o

    ----------------------------------------------------------------------
     12708       1168       9472         36       1440     968110   Object Totals
         0          0         32          0          0          0   (incl. Generated)
        26          0          0          3          0          0   (incl. Padding)

    ----------------------------------------------------------------------

      Code (inc. data)   RO Data    RW Data    ZI Data      Debug   Library Member Name

         0          0          0          0          0          0   entry.o
         0          0          0          0          0          0   entry10a.o
         0          0          0          0          0          0   entry11a.o
         4          0          0          0          0          0   entry12b.o
         8          4          0          0          0          0   entry2.o
         4          0          0          0          0          0   entry5.o
         0          0          0          0          0          0   entry7b.o
         0          0          0          0          0          0   entry8b.o
         8          4          0          0          0          0   entry9a.o
        30          0          0          0          0          0   handlers.o
        36          8          0          0          0         68   init.o
         0          0          0          0          0          0   iusefp.o
        98          0          0          0          0         84   ldiv.o
        30          0          0          0          0         68   llshl.o
        36          0          0          0          0         68   llsshr.o
        32          0          0          0          0         68   llushr.o
        36          0          0          0          0        108   memseta.o
      2268         96          0          0          0        616   printfa.o
         0          0          0          4          0          0   stdout.o
        14          0          0          0          0         68   strlen.o
        44          0          0          0          0         80   uidiv.o
        98          0          0          0          0         92   uldiv.o
        48          0          0          0          0         68   cdrcmple.o
       334          0          0          0          0        148   dadd.o
       222          0          0          0          0        100   ddiv.o
       186          0          0          0          0        176   depilogue.o
        48          0          0          0          0         68   dfixul.o
       228          0          0          0          0         96   dmul.o
        38          0          0          0          0         68   f2d.o
       124          0          0          0          0         88   fdiv.o
       110          0          0          0          0        168   fepilogue.o
        18          0          0          0          0         68   fflti.o
        44          0          0          0          0         92   ffltl.o
        10          0          0          0          0         68   ffltui.o

    ----------------------------------------------------------------------
      4160        112          0          4          0       2528   Library Totals
         4          0          0          0          0          0   (incl. Padding)

    ----------------------------------------------------------------------

      Code (inc. data)   RO Data    RW Data    ZI Data      Debug   Library Name

      2746        112          0          4          0       1320   mc_w.l
      1410          0          0          0          0       1208   mf_w.l

    ----------------------------------------------------------------------
      4160        112          0          4          0       2528   Library Totals

    ----------------------------------------------------------------------

==============================================================================


      Code (inc. data)   RO Data    RW Data    ZI Data      Debug   

     16868       1280       9472         40       1440     963250   Grand Totals
     16868       1280       9472         40       1440     963250   ELF Image Totals
     16868       1280       9472         40          0          0   ROM Totals

==============================================================================

    Total RO  Size (Code + RO Data)                26340 (  25.72kB)
    Total RW  Size (RW Data + ZI Data)              1480 (   1.45kB)
    Total ROM Size (Code + RO Data + RW Data)      26380 (  25.76kB)

==============================================================================

